<html>
<body>
<pre>
<h1>µVision Build Log</h1>
<h2>Tool Versions:</h2>
IDE-Version: µVision V5.24.2.0
Copyright (C) 2017 ARM Ltd and ARM Germany GmbH. All rights reserved.
License Information: Roman Microsoft, Microsoft, LIC=DSNJJ-UDP3V-WIV5K-ZW22S-HZEPH-2XW8M
 
Tool Versions:
Toolchain:       MDK-ARM Professional  Version: 5.24.1
Toolchain Path:  C:\Keil_v5\ARM\ARMCC\Bin
C Compiler:      Armcc.exe V5.06 update 5 (build 528)
Assembler:       Armasm.exe V5.06 update 5 (build 528)
Linker/Locator:  ArmLink.exe V5.06 update 5 (build 528)
Library Manager: ArmAr.exe V5.06 update 5 (build 528)
Hex Converter:   FromElf.exe V5.06 update 5 (build 528)
CPU DLL:         SARMCM3.DLL V5.24.1
Dialog DLL:      DCM.DLL V1.16.0.0
Target DLL:      STLink\ST-LINKIII-KEIL_SWO.dll V3.0.1.0
Dialog DLL:      TCM.DLL V1.32.0.0
 
<h2>Project:</h2>
D:\Work\v\video_stm32_master_repo\stm32f407_dev_board\proj.uvprojx
Project File Date:  09/11/2017

<h2>Output:</h2>
*** Using Compiler 'V5.06 update 5 (build 528)', folder: 'C:\Keil_v5\ARM\ARMCC\Bin'
Build target 'stm32f417iet6'
compiling sensor_drv.cpp...
.\misc\context\inc\driver.h(40): warning:  #375-D: declaration requires a typedef name
  };
.\misc\context\inc\driver.h(59): warning:  #1-D: last line of file ends without a newline
  #endif /*VM_DRV_H*/
device\src\sensor_drv.cpp(42): warning:  #940-D: missing return statement at end of non-void function "sensor_load" 
  }
device\src\sensor_drv.cpp(47): warning:  #940-D: missing return statement at end of non-void function "sensor_unload" 
  }
device\src\sensor_drv.cpp(52): warning:  #940-D: missing return statement at end of non-void function "sensor_probe" 
  }
device\src\sensor_drv.cpp(61): warning:  #68-D: integer conversion resulted in a change of sign
          case IOCTL_IRQ :
device\src\sensor_drv.cpp(65): warning:  #68-D: integer conversion resulted in a change of sign
          case IOCTL_DMA :
device\src\sensor_drv.cpp(105): warning:  #177-D: function "get_ready_listener"  was declared but never referenced
  static TouchSensor *get_ready_listener()
device\src\sensor_drv.cpp: 8 warnings, 0 errors
compiling vmapi.cpp...
.\misc\context\inc\driver.h(40): warning:  #375-D: declaration requires a typedef name
  };
.\misc\context\inc\driver.h(59): warning:  #1-D: last line of file ends without a newline
  #endif /*VM_DRV_H*/
misc\context\src\vmapi.cpp: 2 warnings, 0 errors
compiling startup_app.cpp...
.\misc\context\inc\driver.h(40): warning:  #375-D: declaration requires a typedef name
  };
.\misc\context\inc\driver.h(59): warning:  #1-D: last line of file ends without a newline
  #endif /*VM_DRV_H*/
.\gui\inc\graphic.h(30): warning:  #1299-D: members and base-classes will be initialized in declaration order, not in member initialisation list order
                                                    GCircle           <Color, Range>           (f, d),
.\gui\inc\graphic.h(31): warning:  #1299-D: members and base-classes will be initialized in declaration order, not in member initialisation list order
                                                    Line_Class        <Color, Range>           (f, d),
.\gui\inc\graphic.h(32): warning:  #1299-D: members and base-classes will be initialized in declaration order, not in member initialisation list order
                                                    GRectangle        <Color, Range>           (f, d),
.\gui\inc\GLabel.h(19): warning:  #1299-D: members and base-classes will be initialized in declaration order, not in member initialisation list order
                                                                      std_printer::Printer<char, '\0', '\n', '0', '-'> (textSize)
.\gui\inc\textField.h(24): warning:  #1299-D: members and base-classes will be initialized in declaration order, not in member initialisation list order
                                                           std_printer::Printer<char, '\0', '\n', '0', '-'> (textSize)
.\gui\inc\GProgressBar.h(25): warning:  #1299-D: members and base-classes will be initialized in declaration order, not in member initialisation list order
                                                                 std_printer::Printer<char, '\0', '\n', '0', '-'> (textSize)
.\gui\inc\GBrowser.h(67): warning:  #1299-D: members and base-classes will be initialized in declaration order, not in member initialisation list order
                                                                           std_printer::Printer<char, '\0', '\n', '0', '-'> (textSize)
.\entry\inc\startup_app.h(37): warning:  #1-D: last line of file ends without a newline
  #endif  /*STARTUP_APP_H*/
.\device\inc\it_vect.h(7): warning:  #1-D: last line of file ends without a newline
  #endif /*IT_VECTOR_H*/
device\src\startup_app.cpp(66): warning:  #550-D: variable "tp"  was set but never used
              TouchPointTypeDef tp;
device\src\startup_app.cpp: 12 warnings, 0 errors
compiling main_app.cpp...
.\misc\context\inc\driver.h(40): warning:  #375-D: declaration requires a typedef name
  };
.\misc\context\inc\driver.h(59): warning:  #1-D: last line of file ends without a newline
  #endif /*VM_DRV_H*/
.\gui\inc\graphic.h(30): warning:  #1299-D: members and base-classes will be initialized in declaration order, not in member initialisation list order
                                                    GCircle           <Color, Range>           (f, d),
.\gui\inc\graphic.h(31): warning:  #1299-D: members and base-classes will be initialized in declaration order, not in member initialisation list order
                                                    Line_Class        <Color, Range>           (f, d),
.\gui\inc\graphic.h(32): warning:  #1299-D: members and base-classes will be initialized in declaration order, not in member initialisation list order
                                                    GRectangle        <Color, Range>           (f, d),
.\gui\inc\GLabel.h(19): warning:  #1299-D: members and base-classes will be initialized in declaration order, not in member initialisation list order
                                                                      std_printer::Printer<char, '\0', '\n', '0', '-'> (textSize)
.\gui\inc\textField.h(24): warning:  #1299-D: members and base-classes will be initialized in declaration order, not in member initialisation list order
                                                           std_printer::Printer<char, '\0', '\n', '0', '-'> (textSize)
.\gui\inc\GProgressBar.h(25): warning:  #1299-D: members and base-classes will be initialized in declaration order, not in member initialisation list order
                                                                 std_printer::Printer<char, '\0', '\n', '0', '-'> (textSize)
.\gui\inc\GBrowser.h(67): warning:  #1299-D: members and base-classes will be initialized in declaration order, not in member initialisation list order
                                                                           std_printer::Printer<char, '\0', '\n', '0', '-'> (textSize)
.\gui\inc\ContentPane.h(654): warning:  #997-D: function "GComponent<Color, Range, white>::repaint() [with Color=color_t, Range=range_t, white=(color_t)65535U]"  is hidden by "GContentPane<Color, Range, white>::repaint [with Color=color_t, Range=range_t, white=(color_t)65535U]"  -- virtual function override intended?
                void repaint (ViewPort<Range> &w)
          detected during:
            instantiation of class "GContentPane<Color, Range, white> [with Color=color_t, Range=range_t, white=(color_t)65535U]"  at line 75 of ".\gui\inc\guiEngine.h"
            instantiation of "GContentPane<Color, Range, white> *GuiEngine<Color, Range, white>::newContentPane(Dimension<Range>) [with Color=color_t, Range=range_t, white=(color_t)65535U]"  at line 85 of ".\gui\inc\guiEngine.h"
            instantiation of "GContentPane<Color, Range, white> *GuiEngine<Color, Range, white>::newContentPane(Range, Range, Range, Range) [with Color=color_t, Range=range_t, white=(color_t)65535U]"  at line 70 of "entry\src\main_app.cpp"
entry\src\main_app.cpp(178): warning:  #550-D: variable "ret"  was set but never used
              _XCALL(ret, expl_app, EXPLORER_APP_USE_FILTER, (void *)"NES");
entry\src\main_app.cpp(187): warning:  #550-D: variable "ret"  was set but never used
              _XCALL(ret, snake_app, 0, nullptr);
entry\src\main_app.cpp(196): warning:  #550-D: variable "ret"  was set but never used
              _XCALL(ret, exec_app, EXEC_APP_EXECUTE_REQUEST, nullptr);
entry\src\main_app.cpp(205): warning:  #550-D: variable "ret"  was set but never used
              _XCALL(ret, analog_app, 0, nullptr);
entry\src\main_app.cpp(214): warning:  #550-D: variable "ret"  was set but never used
              _XCALL(ret, cam_app, 0, nullptr);
entry\src\main_app.cpp(224): warning:  #550-D: variable "ret"  was set but never used
              _XCALL(ret, expl_app, EXPLORER_APP_NO_FILTER, (void *)filePath);
entry\src\main_app.cpp(233): warning:  #550-D: variable "ret"  was set but never used
              _XCALL(ret, settings_app, 0, nullptr);
entry\src\main_app.cpp(242): warning:  #550-D: variable "ret"  was set but never used
              _XCALL(ret, info_app, 0, nullptr);
entry\src\main_app.cpp(255): warning:  #550-D: variable "ret"  was set but never used
              _XCALL(ret, touch_app, 0, (void *)"tsc2046.cal");
entry\src\main_app.cpp(268): warning:  #177-D: variable "clockData"  was declared but never referenced
      static char clockData[16];
entry\src\main_app.cpp: 20 warnings, 0 errors
compiling touch_app.cpp...
.\misc\context\inc\driver.h(40): warning:  #375-D: declaration requires a typedef name
  };
.\misc\context\inc\driver.h(59): warning:  #1-D: last line of file ends without a newline
  #endif /*VM_DRV_H*/
.\entry\inc\touch_app.h(14): warning:  #1-D: last line of file ends without a newline
  #endif  /*EXEC_APP_H*/
entry\src\touch_app.cpp: 3 warnings, 0 errors
linking...
Program Size: Code=235100 RO-data=136612 RW-data=2644 ZI-data=184380  
FromELF: creating hex file...
".\Objects\proj.axf" - 0 Error(s), 45 Warning(s).

<h2>Software Packages used:</h2>

Package Vendor: ARM
                http://www.keil.com/pack/ARM.CMSIS.5.0.1.pack
                ARM.CMSIS.5.0.1
                CMSIS (Cortex Microcontroller Software Interface Standard)
   * Component: CORE Version: 5.0.1

Package Vendor: Keil
                http://www.keil.com/pack/Keil.STM32F4xx_DFP.2.11.0.pack
                Keil.STM32F4xx_DFP.2.11.0
                STMicroelectronics STM32F4 Series Device Support, Drivers and Examples
   * Component: Startup Version: 2.6.0

<h2>Collection of Component include folders:</h2>
  .\RTE\_stm32f417iet6
  C:\Keil_v5\ARM\PACK\ARM\CMSIS\5.0.1\CMSIS\Include
  C:\Keil_v5\ARM\PACK\Keil\STM32F4xx_DFP\2.11.0\Drivers\CMSIS\Device\ST\STM32F4xx\Include

<h2>Collection of Component Files used:</h2>

   * Component: Keil::Device:Startup:2.6.0
      Source file:   MDK\Device\Source\ARM\STM32F40xxx_41xxx_OPT.s
      Source file:   MDK\Device\Source\ARM\STM32F4xx_OTP.s
      Include file:  Drivers\CMSIS\Device\ST\STM32F4xx\Include\stm32f4xx.h
      Source file:   Drivers\CMSIS\Device\ST\STM32F4xx\Source\Templates\arm\startup_stm32f417xx.s
      Source file:   Drivers\CMSIS\Device\ST\STM32F4xx\Source\Templates\system_stm32f4xx.c

   * Component: ARM::CMSIS:CORE:5.0.1
Build Time Elapsed:  00:00:11
</pre>
</body>
</html>
