Component: ARM Compiler 5.06 update 5 (build 528) Tool: armlink [4d35e2]

==============================================================================

Section Cross References

    main.o(i.main) refers to vmapi.o(i._ZN2vm5yieldEv) for vm::yield()
    main.o(.ARM.exidx) refers to main.o(i.main) for i.main
    main.o(.ARM.exidx) refers to unwind_pr0.o(.text) for __aeabi_unwind_cpp_pr0
    vmapi.o(i._ZN2vm10drv_unlinkEj) refers to arm_api.o(.text) for upc
    vmapi.o(i._ZN2vm10drv_unlinkEj) refers to vmapi.o(.constdata) for .constdata
    vmapi.o(i._ZN2vm10fire_eventEPKc) refers to arm_api.o(.text) for upc
    vmapi.o(i._ZN2vm10fire_eventEPKc) refers to vmapi.o(.constdata) for .constdata
    vmapi.o(i._ZN2vm10wait_eventEPKc) refers to arm_api.o(.text) for upc
    vmapi.o(i._ZN2vm10wait_eventEPKc) refers to vmapi.o(.constdata) for .constdata
    vmapi.o(i._ZN2vm11notify_waitEPKc) refers to arm_api.o(.text) for upc
    vmapi.o(i._ZN2vm11notify_waitEPKc) refers to vmapi.o(.constdata) for .constdata
    vmapi.o(i._ZN2vm11wait_notifyEv) refers to arm_api.o(.text) for upc
    vmapi.o(i._ZN2vm11wait_notifyEv) refers to vmapi.o(.constdata) for .constdata
    vmapi.o(i._ZN2vm12end_criticalEv) refers to arm_api.o(.text) for upc
    vmapi.o(i._ZN2vm12end_criticalEv) refers to vmapi.o(.constdata) for .constdata
    vmapi.o(i._ZN2vm12timer_removeEj) refers to arm_api.o(.text) for upc
    vmapi.o(i._ZN2vm12timer_removeEj) refers to vmapi.o(.constdata) for .constdata
    vmapi.o(i._ZN2vm4callEPFYijPvEPKcjjjS0_) refers to arm_api.o(.text) for upc
    vmapi.o(i._ZN2vm4callEPFYijPvEPKcjjjS0_) refers to vmapi.o(.constdata) for .constdata
    vmapi.o(i._ZN2vm4exitEj) refers to arm_api.o(.text) for upc
    vmapi.o(i._ZN2vm4exitEj) refers to vmapi.o(.constdata) for .constdata
    vmapi.o(i._ZN2vm4lockEj) refers to arm_api.o(.text) for upc
    vmapi.o(i._ZN2vm4lockEj) refers to vmapi.o(.constdata) for .constdata
    vmapi.o(i._ZN2vm4mailEPcP11MAIL_HANDLE) refers to arm_api.o(.text) for upc
    vmapi.o(i._ZN2vm4mailEPcP11MAIL_HANDLE) refers to vmapi.o(.constdata) for .constdata
    vmapi.o(i._ZN2vm4syncEPKc) refers to arm_api.o(.text) for upc
    vmapi.o(i._ZN2vm4syncEPKc) refers to vmapi.o(.constdata) for .constdata
    vmapi.o(i._ZN2vm4waitEPFijPvE) refers to arm_api.o(.text) for upc
    vmapi.o(i._ZN2vm4waitEPFijPvE) refers to vmapi.o(.constdata) for .constdata
    vmapi.o(i._ZN2vm5faultEPKc) refers to arm_api.o(.text) for upc
    vmapi.o(i._ZN2vm5faultEPKc) refers to vmapi.o(.constdata) for .constdata
    vmapi.o(i._ZN2vm5resetEv) refers to arm_api.o(.text) for upc
    vmapi.o(i._ZN2vm5resetEv) refers to vmapi.o(.constdata) for .constdata
    vmapi.o(i._ZN2vm5sleepEj) refers to arm_api.o(.text) for upc
    vmapi.o(i._ZN2vm5sleepEj) refers to vmapi.o(.constdata) for .constdata
    vmapi.o(i._ZN2vm5timerEPjj) refers to arm_api.o(.text) for upc
    vmapi.o(i._ZN2vm5timerEPjj) refers to vmapi.o(.constdata) for .constdata
    vmapi.o(i._ZN2vm5yieldEv) refers to arm_api.o(.text) for upc
    vmapi.o(i._ZN2vm5yieldEv) refers to vmapi.o(.constdata) for .constdata
    vmapi.o(i._ZN2vm6createEP13THREAD_HANDLE) refers to arm_api.o(.text) for upc
    vmapi.o(i._ZN2vm6createEP13THREAD_HANDLE) refers to vmapi.o(.constdata) for .constdata
    vmapi.o(i._ZN2vm6createEPFYijPvEPKcjjjS0_) refers to vmapi.o(i._ZN2vm6createEP13THREAD_HANDLE) for vm::create(THREAD_HANDLE*)
    vmapi.o(i._ZN2vm6drv_ioEjP10drv_data_t) refers to arm_api.o(.text) for upc
    vmapi.o(i._ZN2vm6drv_ioEjP10drv_data_t) refers to vmapi.o(.constdata) for .constdata
    vmapi.o(i._ZN2vm6notifyEPKc) refers to arm_api.o(.text) for upc
    vmapi.o(i._ZN2vm6notifyEPKc) refers to vmapi.o(.constdata) for .constdata
    vmapi.o(i._ZN2vm6unlockEj) refers to arm_api.o(.text) for upc
    vmapi.o(i._ZN2vm6unlockEj) refers to vmapi.o(.constdata) for .constdata
    vmapi.o(i._ZN2vm7drv_ctlEjjj) refers to arm_api.o(.text) for upc
    vmapi.o(i._ZN2vm7drv_ctlEjjj) refers to vmapi.o(.constdata) for .constdata
    vmapi.o(i._ZN2vm7restartEv) refers to arm_api.o(.text) for upc
    vmapi.o(i._ZN2vm8criticalEv) refers to arm_api.o(.text) for upc
    vmapi.o(i._ZN2vm8criticalEv) refers to vmapi.o(.constdata) for .constdata
    vmapi.o(i._ZN2vm8drv_linkEP12drv_handle_tjj) refers to arm_api.o(.text) for upc
    vmapi.o(i._ZN2vm8drv_linkEP12drv_handle_tjj) refers to vmapi.o(.constdata) for .constdata
    vmapi.o(i._ZN2vm9drv_probeEPKc) refers to arm_api.o(.text) for upc
    vmapi.o(i._ZN2vm9drv_probeEPKc) refers to vmapi.o(.constdata) for .constdata
    vmapi.o(i._ZN2vm9wait_mailEv) refers to arm_api.o(.text) for upc
    vmapi.o(i._ZN2vm9wait_mailEv) refers to vmapi.o(.constdata) for .constdata
    vmapi.o(.ARM.exidx) refers to vmapi.o(i._Z18VMAPI_ErrorHandlerj12ARG_STRUCT_T) for i._Z18VMAPI_ErrorHandlerj12ARG_STRUCT_T
    vmapi.o(.ARM.exidx) refers to vmapi.o(i._ZN2vm7restartEv) for i._ZN2vm7restartEv
    vmapi.o(.ARM.exidx) refers to unwind_pr0.o(.text) for __aeabi_unwind_cpp_pr0
    vmapi.o(.ARM.exidx) refers to vmapi.o(i._ZN2vm5sleepEj) for i._ZN2vm5sleepEj
    vmapi.o(.ARM.exidx) refers to unwind_pr0.o(.text) for __aeabi_unwind_cpp_pr0
    vmapi.o(.ARM.exidx) refers to vmapi.o(i._ZN2vm5yieldEv) for i._ZN2vm5yieldEv
    vmapi.o(.ARM.exidx) refers to unwind_pr0.o(.text) for __aeabi_unwind_cpp_pr0
    vmapi.o(.ARM.exidx) refers to vmapi.o(i._ZN2vm6createEP13THREAD_HANDLE) for i._ZN2vm6createEP13THREAD_HANDLE
    vmapi.o(.ARM.exidx) refers to unwind_pr0.o(.text) for __aeabi_unwind_cpp_pr0
    vmapi.o(.ARM.exidx) refers to vmapi.o(i._ZN2vm6createEPFYijPvEPKcjjjS0_) for i._ZN2vm6createEPFYijPvEPKcjjjS0_
    vmapi.o(.ARM.exidx) refers to unwind_pr0.o(.text) for __aeabi_unwind_cpp_pr0
    vmapi.o(.ARM.exidx) refers to vmapi.o(i._ZN2vm4callEPFYijPvEPKcjjjS0_) for i._ZN2vm4callEPFYijPvEPKcjjjS0_
    vmapi.o(.ARM.exidx) refers to unwind_pr0.o(.text) for __aeabi_unwind_cpp_pr0
    vmapi.o(.ARM.exidx) refers to vmapi.o(i._ZN2vm8drv_linkEP12drv_handle_tjj) for i._ZN2vm8drv_linkEP12drv_handle_tjj
    vmapi.o(.ARM.exidx) refers to unwind_pr0.o(.text) for __aeabi_unwind_cpp_pr0
    vmapi.o(.ARM.exidx) refers to vmapi.o(i._ZN2vm10drv_unlinkEj) for i._ZN2vm10drv_unlinkEj
    vmapi.o(.ARM.exidx) refers to unwind_pr0.o(.text) for __aeabi_unwind_cpp_pr0
    vmapi.o(.ARM.exidx) refers to vmapi.o(i._ZN2vm7drv_ctlEjjj) for i._ZN2vm7drv_ctlEjjj
    vmapi.o(.ARM.exidx) refers to unwind_pr0.o(.text) for __aeabi_unwind_cpp_pr0
    vmapi.o(.ARM.exidx) refers to vmapi.o(i._ZN2vm6drv_ioEjP10drv_data_t) for i._ZN2vm6drv_ioEjP10drv_data_t
    vmapi.o(.ARM.exidx) refers to unwind_pr0.o(.text) for __aeabi_unwind_cpp_pr0
    vmapi.o(.ARM.exidx) refers to vmapi.o(i._ZN2vm9drv_probeEPKc) for i._ZN2vm9drv_probeEPKc
    vmapi.o(.ARM.exidx) refers to unwind_pr0.o(.text) for __aeabi_unwind_cpp_pr0
    vmapi.o(.ARM.exidx) refers to vmapi.o(i._ZN2vm4lockEj) for i._ZN2vm4lockEj
    vmapi.o(.ARM.exidx) refers to unwind_pr0.o(.text) for __aeabi_unwind_cpp_pr0
    vmapi.o(.ARM.exidx) refers to vmapi.o(i._ZN2vm6unlockEj) for i._ZN2vm6unlockEj
    vmapi.o(.ARM.exidx) refers to unwind_pr0.o(.text) for __aeabi_unwind_cpp_pr0
    vmapi.o(.ARM.exidx) refers to vmapi.o(i._ZN2vm6notifyEPKc) for i._ZN2vm6notifyEPKc
    vmapi.o(.ARM.exidx) refers to unwind_pr0.o(.text) for __aeabi_unwind_cpp_pr0
    vmapi.o(.ARM.exidx) refers to vmapi.o(i._ZN2vm11wait_notifyEv) for i._ZN2vm11wait_notifyEv
    vmapi.o(.ARM.exidx) refers to unwind_pr0.o(.text) for __aeabi_unwind_cpp_pr0
    vmapi.o(.ARM.exidx) refers to vmapi.o(i._ZN2vm11notify_waitEPKc) for i._ZN2vm11notify_waitEPKc
    vmapi.o(.ARM.exidx) refers to unwind_pr0.o(.text) for __aeabi_unwind_cpp_pr0
    vmapi.o(.ARM.exidx) refers to vmapi.o(i._ZN2vm4syncEPKc) for i._ZN2vm4syncEPKc
    vmapi.o(.ARM.exidx) refers to unwind_pr0.o(.text) for __aeabi_unwind_cpp_pr0
    vmapi.o(.ARM.exidx) refers to vmapi.o(i._ZN2vm4waitEPFijPvE) for i._ZN2vm4waitEPFijPvE
    vmapi.o(.ARM.exidx) refers to unwind_pr0.o(.text) for __aeabi_unwind_cpp_pr0
    vmapi.o(.ARM.exidx) refers to vmapi.o(i._ZN2vm10wait_eventEPKc) for i._ZN2vm10wait_eventEPKc
    vmapi.o(.ARM.exidx) refers to unwind_pr0.o(.text) for __aeabi_unwind_cpp_pr0
    vmapi.o(.ARM.exidx) refers to vmapi.o(i._ZN2vm10fire_eventEPKc) for i._ZN2vm10fire_eventEPKc
    vmapi.o(.ARM.exidx) refers to unwind_pr0.o(.text) for __aeabi_unwind_cpp_pr0
    vmapi.o(.ARM.exidx) refers to vmapi.o(i._ZN2vm4mailEPcP11MAIL_HANDLE) for i._ZN2vm4mailEPcP11MAIL_HANDLE
    vmapi.o(.ARM.exidx) refers to unwind_pr0.o(.text) for __aeabi_unwind_cpp_pr0
    vmapi.o(.ARM.exidx) refers to vmapi.o(i._ZN2vm9wait_mailEv) for i._ZN2vm9wait_mailEv
    vmapi.o(.ARM.exidx) refers to unwind_pr0.o(.text) for __aeabi_unwind_cpp_pr0
    vmapi.o(.ARM.exidx) refers to vmapi.o(i._ZN2vm5timerEPjj) for i._ZN2vm5timerEPjj
    vmapi.o(.ARM.exidx) refers to unwind_pr0.o(.text) for __aeabi_unwind_cpp_pr0
    vmapi.o(.ARM.exidx) refers to vmapi.o(i._ZN2vm12timer_removeEj) for i._ZN2vm12timer_removeEj
    vmapi.o(.ARM.exidx) refers to unwind_pr0.o(.text) for __aeabi_unwind_cpp_pr0
    vmapi.o(.ARM.exidx) refers to vmapi.o(i._ZN2vm8criticalEv) for i._ZN2vm8criticalEv
    vmapi.o(.ARM.exidx) refers to unwind_pr0.o(.text) for __aeabi_unwind_cpp_pr0
    vmapi.o(.ARM.exidx) refers to vmapi.o(i._ZN2vm12end_criticalEv) for i._ZN2vm12end_criticalEv
    vmapi.o(.ARM.exidx) refers to unwind_pr0.o(.text) for __aeabi_unwind_cpp_pr0
    vmapi.o(.ARM.exidx) refers to vmapi.o(i._ZN2vm4exitEj) for i._ZN2vm4exitEj
    vmapi.o(.ARM.exidx) refers to unwind_pr0.o(.text) for __aeabi_unwind_cpp_pr0
    vmapi.o(.ARM.exidx) refers to vmapi.o(i._ZN2vm5faultEPKc) for i._ZN2vm5faultEPKc
    vmapi.o(.ARM.exidx) refers to unwind_pr0.o(.text) for __aeabi_unwind_cpp_pr0
    vmapi.o(.ARM.exidx) refers to vmapi.o(i._ZN2vm5resetEv) for i._ZN2vm5resetEv
    vmapi.o(.ARM.exidx) refers to unwind_pr0.o(.text) for __aeabi_unwind_cpp_pr0
    startup_stm32f407xx.o(STACK) refers (Special) to heapauxi.o(.text) for __use_two_region_memory
    startup_stm32f407xx.o(HEAP) refers (Special) to heapauxi.o(.text) for __use_two_region_memory
    startup_stm32f407xx.o(RESET) refers (Special) to heapauxi.o(.text) for __use_two_region_memory
    startup_stm32f407xx.o(RESET) refers to startup_stm32f407xx.o(STACK) for __initial_sp
    startup_stm32f407xx.o(RESET) refers to startup_stm32f407xx.o(.text) for Reset_Handler
    startup_stm32f407xx.o(.text) refers (Special) to heapauxi.o(.text) for __use_two_region_memory
    startup_stm32f407xx.o(.text) refers to __main.o(!!!main) for __main
    startup_stm32f407xx.o(.text) refers to startup_stm32f407xx.o(HEAP) for Heap_Mem
    startup_stm32f407xx.o(.text) refers to startup_stm32f407xx.o(STACK) for Stack_Mem
    system_stm32f4xx.o(.ARM.exidx) refers to system_stm32f4xx.o(.rev16_text) for __asm___18_system_stm32f4xx_c_5d646a67___ZN40_INTERNAL_18_system_stm32f4xx_c_5d646a677__REV16Ej
    system_stm32f4xx.o(.ARM.exidx) refers to system_stm32f4xx.o(.revsh_text) for __asm___18_system_stm32f4xx_c_5d646a67___ZN40_INTERNAL_18_system_stm32f4xx_c_5d646a677__REVSHEi
    system_stm32f4xx.o(.ARM.exidx) refers to system_stm32f4xx.o(.rrx_text) for __asm___18_system_stm32f4xx_c_5d646a67___ZN40_INTERNAL_18_system_stm32f4xx_c_5d646a675__RRXEj
    system_stm32f4xx.o(i.SystemCoreClockUpdate) refers to system_stm32f4xx.o(.data) for SystemCoreClock
    system_stm32f4xx.o(i.SystemCoreClockUpdate) refers to system_stm32f4xx.o(.constdata) for AHBPrescTable
    system_stm32f4xx.o(.ARM.exidx) refers to system_stm32f4xx.o(i.SystemInit) for i.SystemInit
    system_stm32f4xx.o(.ARM.exidx) refers to system_stm32f4xx.o(i.SystemCoreClockUpdate) for i.SystemCoreClockUpdate
    __main.o(!!!main) refers to __rtentry.o(.ARM.Collect$$rtentry$$00000000) for __rt_entry
    unwind_pr0.o(.text) refers to unwind_prcommon.o(.text) for __ARM_unwind_cpp_prcommon
    unwind_pr0.o(.ARM.exidx) refers to unwind_pr0.o(.text) for .text
    __rtentry.o(.ARM.Collect$$rtentry$$00000000) refers (Special) to __rtentry2.o(.ARM.Collect$$rtentry$$0000000A) for __rt_entry_li
    __rtentry.o(.ARM.Collect$$rtentry$$00000000) refers (Special) to __rtentry2.o(.ARM.Collect$$rtentry$$0000000D) for __rt_entry_main
    __rtentry.o(.ARM.Collect$$rtentry$$00000000) refers (Special) to __rtentry2.o(.ARM.Collect$$rtentry$$0000000C) for __rt_entry_postli_1
    __rtentry.o(.ARM.Collect$$rtentry$$00000000) refers (Special) to __rtentry2.o(.ARM.Collect$$rtentry$$00000009) for __rt_entry_postsh_1
    __rtentry.o(.ARM.Collect$$rtentry$$00000000) refers (Special) to __rtentry2.o(.ARM.Collect$$rtentry$$00000002) for __rt_entry_presh_1
    __rtentry.o(.ARM.Collect$$rtentry$$00000000) refers (Special) to __rtentry4.o(.ARM.Collect$$rtentry$$00000004) for __rt_entry_sh
    unwind_prcommon.o(.text) refers to unwinder.o(.text) for _Unwind_VRS_Get
    unwind_prcommon.o(.text) refers to unwind_activity.o(.emb_text) for _Unwind_Activity
    unwind_prcommon.o(.ARM.exidx) refers to unwind_prcommon.o(.text) for .text
    __rtentry2.o(.ARM.Collect$$rtentry$$00000008) refers to boardinit2.o(.text) for _platform_post_stackheap_init
    __rtentry2.o(.ARM.Collect$$rtentry$$0000000A) refers to libinit.o(.ARM.Collect$$libinit$$00000000) for __rt_lib_init
    __rtentry2.o(.ARM.Collect$$rtentry$$0000000B) refers to boardinit3.o(.text) for _platform_post_lib_init
    __rtentry2.o(.ARM.Collect$$rtentry$$0000000D) refers to main.o(i.main) for main
    __rtentry2.o(.ARM.Collect$$rtentry$$0000000D) refers to exit.o(.text) for exit
    __rtentry2.o(.ARM.exidx) refers to __rtentry2.o(.ARM.Collect$$rtentry$$00000001) for .ARM.Collect$$rtentry$$00000001
    __rtentry2.o(.ARM.exidx) refers to __rtentry2.o(.ARM.Collect$$rtentry$$00000008) for .ARM.Collect$$rtentry$$00000008
    __rtentry2.o(.ARM.exidx) refers to __rtentry2.o(.ARM.Collect$$rtentry$$0000000A) for .ARM.Collect$$rtentry$$0000000A
    __rtentry2.o(.ARM.exidx) refers to __rtentry2.o(.ARM.Collect$$rtentry$$0000000B) for .ARM.Collect$$rtentry$$0000000B
    __rtentry2.o(.ARM.exidx) refers to __rtentry2.o(.ARM.Collect$$rtentry$$0000000D) for .ARM.Collect$$rtentry$$0000000D
    __rtentry4.o(.ARM.Collect$$rtentry$$00000004) refers to sys_stackheap_outer.o(.text) for __user_setup_stackheap
    __rtentry4.o(.ARM.exidx) refers to __rtentry4.o(.ARM.Collect$$rtentry$$00000004) for .ARM.Collect$$rtentry$$00000004
    unwinder.o(.emb_text) refers to unwinder.o(.text) for __ARM_Unwind_RaiseException
    unwinder.o(.text) refers to bsearch.o(.text) for bsearch
    unwinder.o(.text) refers to unwind_activity.o(.emb_text) for _Unwind_Activity
    unwinder.o(.text) refers to abort.o(.text) for abort
    unwinder.o(.text) refers to unwinder.o(.emb_text) for __ARM_Unwind_VRS_corerestore
    unwinder.o(.text) refers to h1_alloc.o(.text) for malloc
    unwinder.o(.text) refers to rt_memcpy_w.o(.text) for __aeabi_memcpy4
    unwinder.o(.text) refers to h1_free.o(.text) for free
    unwinder.o(.text) refers (Weak) to unwind_pr0.o(.text) for __aeabi_unwind_cpp_pr0
    unwinder.o(.ARM.exidx) refers to unwinder.o(.text) for .text
    sys_stackheap_outer.o(.text) refers to libspace.o(.text) for __user_perproc_libspace
    sys_stackheap_outer.o(.text) refers to startup_stm32f407xx.o(.text) for __user_initial_stackheap
    malloc.o(.text) refers (Special) to hguard.o(.text) for __heap$guard
    malloc.o(.text) refers (Special) to init_alloc.o(.text) for _init_alloc
    malloc.o(.text) refers to rt_heap_descriptor_intlibspace.o(.text) for __rt_heap_descriptor
    malloc.o(.text) refers to heapstubs.o(.text) for __Heap_Alloc
    free.o(.text) refers (Special) to hguard.o(.text) for __heap$guard
    free.o(.text) refers to rt_heap_descriptor_intlibspace.o(.text) for __rt_heap_descriptor
    free.o(.text) refers to heapstubs.o(.text) for __Heap_Free
    h1_alloc.o(.text) refers (Special) to h1_init.o(.text) for __Heap_Initialize
    h1_alloc.o(.text) refers to rt_heap_descriptor_intlibspace.o(.text) for __rt_heap_descriptor
    h1_alloc.o(.text) refers to init_alloc.o(.text) for __Heap_Full
    h1_free.o(.text) refers to rt_heap_descriptor_intlibspace.o(.text) for __rt_heap_descriptor
    h1_alloc_mt.o(.text) refers (Special) to h1_init.o(.text) for __Heap_Initialize
    h1_alloc_mt.o(.text) refers to init_alloc.o(.text) for __Heap_Full
    h1_alloc_mt.o(.text) refers to rt_heap_descriptor_intlibspace.o(.text) for __rt_heap_descriptor
    h1_free_mt.o(.text) refers to rt_heap_descriptor_intlibspace.o(.text) for __rt_heap_descriptor
    heap2.o(i._FDIterate) refers to heap2.o(.conststring) for .conststring
    heap2.o(i.___Heap_ProvideMemory$realtime) refers to fdtree.o(i._FDTree_Delete) for _FDTree_Delete
    heap2.o(i.___Heap_ProvideMemory$realtime) refers to fdtree.o(i._FDTree_Insert) for _FDTree_Insert
    heap2.o(i.___Heap_Stats$realtime) refers to heap2.o(i._Heap2_StatsIterate) for _Heap2_StatsIterate
    heap2.o(i.___Heap_Valid$realtime) refers to heap2.o(i._FDIterate) for _FDIterate
    heap2.o(i.___Heap_Valid$realtime) refers to heap2.o(.conststring) for .conststring
    heap2.o(i._free$realtime) refers to rt_heap_descriptor_intlibspace.o(.text) for __rt_heap_descriptor
    heap2.o(i._free$realtime) refers to fdtree.o(i._FDTree_Delete) for _FDTree_Delete
    heap2.o(i._free$realtime) refers to fdtree.o(i._FDTree_Insert) for _FDTree_Insert
    heap2.o(i._malloc$realtime) refers to rt_heap_descriptor_intlibspace.o(.text) for __rt_heap_descriptor
    heap2.o(i._malloc$realtime) refers to fdtree.o(i._FDTree_FindFirst) for _FDTree_FindFirst
    heap2.o(i._malloc$realtime) refers to init_alloc.o(.text) for __Heap_Full
    heap2.o(i._malloc$realtime) refers to fdtree.o(i._FDTree_RemoveNode) for _FDTree_RemoveNode
    heap2.o(i._malloc$realtime) refers to fdtree.o(i._FDTree_Insert) for _FDTree_Insert
    heap2.o(i._posix_memalign$realtime) refers to rt_heap_descriptor_intlibspace.o(.text) for __rt_heap_descriptor
    heap2.o(i._posix_memalign$realtime) refers to fdtree.o(i._FDTree_FindFirst) for _FDTree_FindFirst
    heap2.o(i._posix_memalign$realtime) refers to init_alloc.o(.text) for __Heap_Full
    heap2.o(i._posix_memalign$realtime) refers to fdtree.o(i._FDTree_RemoveNode) for _FDTree_RemoveNode
    heap2.o(i._posix_memalign$realtime) refers to fdtree.o(i._FDTree_Insert) for _FDTree_Insert
    heap2.o(i._realloc$realtime) refers to rt_heap_descriptor_intlibspace.o(.text) for __rt_heap_descriptor
    heap2.o(i._realloc$realtime) refers to fdtree.o(i._FDTree_Insert) for _FDTree_Insert
    heap2.o(i._realloc$realtime) refers to h1_free.o(.text) for free
    heap2.o(i._realloc$realtime) refers to h1_alloc.o(.text) for malloc
    heap2.o(i._realloc$realtime) refers to fdtree.o(i._FDTree_Delete) for _FDTree_Delete
    heap2.o(i._realloc$realtime) refers to rt_memcpy_w.o(.text) for __aeabi_memcpy4
    heap2mt.o(i._FDIterate) refers to heap2mt.o(.conststring) for .conststring
    heap2mt.o(i.___Heap_Initialize$realtime$concurrent) refers to mutex_dummy.o(.text) for _mutex_initialize
    heap2mt.o(i.___Heap_ProvideMemory$realtime$concurrent) refers to fdtree.o(i._FDTree_Delete) for _FDTree_Delete
    heap2mt.o(i.___Heap_ProvideMemory$realtime$concurrent) refers to fdtree.o(i._FDTree_Insert) for _FDTree_Insert
    heap2mt.o(i.___Heap_Stats$realtime$concurrent) refers to heap2mt.o(i._Heap2_StatsIterate) for _Heap2_StatsIterate
    heap2mt.o(i.___Heap_Valid$realtime$concurrent) refers to heap2mt.o(i._FDIterate) for _FDIterate
    heap2mt.o(i.___Heap_Valid$realtime$concurrent) refers to heap2mt.o(.conststring) for .conststring
    heap2mt.o(i._free$realtime$concurrent) refers to rt_heap_descriptor_intlibspace.o(.text) for __rt_heap_descriptor
    heap2mt.o(i._free$realtime$concurrent) refers to fdtree.o(i._FDTree_Delete) for _FDTree_Delete
    heap2mt.o(i._free$realtime$concurrent) refers to fdtree.o(i._FDTree_Insert) for _FDTree_Insert
    heap2mt.o(i._malloc$realtime$concurrent) refers to rt_heap_descriptor_intlibspace.o(.text) for __rt_heap_descriptor
    heap2mt.o(i._malloc$realtime$concurrent) refers to fdtree.o(i._FDTree_FindFirst) for _FDTree_FindFirst
    heap2mt.o(i._malloc$realtime$concurrent) refers to init_alloc.o(.text) for __Heap_Full
    heap2mt.o(i._malloc$realtime$concurrent) refers to fdtree.o(i._FDTree_RemoveNode) for _FDTree_RemoveNode
    heap2mt.o(i._malloc$realtime$concurrent) refers to fdtree.o(i._FDTree_Insert) for _FDTree_Insert
    heap2mt.o(i._posix_memalign$realtime$concurrent) refers to rt_heap_descriptor_intlibspace.o(.text) for __rt_heap_descriptor
    heap2mt.o(i._posix_memalign$realtime$concurrent) refers to fdtree.o(i._FDTree_FindFirst) for _FDTree_FindFirst
    heap2mt.o(i._posix_memalign$realtime$concurrent) refers to init_alloc.o(.text) for __Heap_Full
    heap2mt.o(i._posix_memalign$realtime$concurrent) refers to fdtree.o(i._FDTree_RemoveNode) for _FDTree_RemoveNode
    heap2mt.o(i._posix_memalign$realtime$concurrent) refers to fdtree.o(i._FDTree_Insert) for _FDTree_Insert
    heap2mt.o(i._realloc$realtime$concurrent) refers to rt_heap_descriptor_intlibspace.o(.text) for __rt_heap_descriptor
    heap2mt.o(i._realloc$realtime$concurrent) refers to fdtree.o(i._FDTree_Insert) for _FDTree_Insert
    heap2mt.o(i._realloc$realtime$concurrent) refers to h1_free.o(.text) for free
    heap2mt.o(i._realloc$realtime$concurrent) refers to h1_alloc.o(.text) for malloc
    heap2mt.o(i._realloc$realtime$concurrent) refers to fdtree.o(i._FDTree_Delete) for _FDTree_Delete
    heap2mt.o(i._realloc$realtime$concurrent) refers to rt_memcpy_w.o(.text) for __aeabi_memcpy4
    exit.o(.text) refers to rtexit.o(.ARM.Collect$$rtexit$$00000000) for __rt_exit
    abort.o(.text) refers to defsig_abrt_outer.o(.text) for __rt_SIGABRT
    abort.o(.text) refers (Weak) to libshutdown.o(.ARM.Collect$$libshutdown$$00000000) for __rt_lib_shutdown
    abort.o(.text) refers to sys_exit.o(.text) for _sys_exit
    bsearch.o(.ARM.exidx) refers to bsearch.o(.text) for .text
    bsearch.o(.ARM.exidx) refers to unwind_pr0.o(.text) for __aeabi_unwind_cpp_pr0
    libinit.o(.ARM.Collect$$libinit$$00000000) refers (Special) to libinit2.o(.ARM.Collect$$libinit$$0000002E) for __rt_lib_init_alloca_1
    libinit.o(.ARM.Collect$$libinit$$00000000) refers (Special) to libinit2.o(.ARM.Collect$$libinit$$0000002C) for __rt_lib_init_argv_1
    libinit.o(.ARM.Collect$$libinit$$00000000) refers (Special) to libinit2.o(.ARM.Collect$$libinit$$0000001B) for __rt_lib_init_atexit_1
    libinit.o(.ARM.Collect$$libinit$$00000000) refers (Special) to libinit2.o(.ARM.Collect$$libinit$$00000021) for __rt_lib_init_clock_1
    libinit.o(.ARM.Collect$$libinit$$00000000) refers (Special) to libinit2.o(.ARM.Collect$$libinit$$00000032) for __rt_lib_init_cpp_1
    libinit.o(.ARM.Collect$$libinit$$00000000) refers (Special) to libinit2.o(.ARM.Collect$$libinit$$00000030) for __rt_lib_init_exceptions_1
    libinit.o(.ARM.Collect$$libinit$$00000000) refers (Special) to libinit2.o(.ARM.Collect$$libinit$$00000001) for __rt_lib_init_fp_1
    libinit.o(.ARM.Collect$$libinit$$00000000) refers (Special) to libinit2.o(.ARM.Collect$$libinit$$0000001F) for __rt_lib_init_fp_trap_1
    libinit.o(.ARM.Collect$$libinit$$00000000) refers (Special) to libinit2.o(.ARM.Collect$$libinit$$00000023) for __rt_lib_init_getenv_1
    libinit.o(.ARM.Collect$$libinit$$00000000) refers (Special) to libinit2.o(.ARM.Collect$$libinit$$0000000A) for __rt_lib_init_heap_1
    libinit.o(.ARM.Collect$$libinit$$00000000) refers (Special) to libinit2.o(.ARM.Collect$$libinit$$00000011) for __rt_lib_init_lc_collate_1
    libinit.o(.ARM.Collect$$libinit$$00000000) refers (Special) to libinit2.o(.ARM.Collect$$libinit$$00000013) for __rt_lib_init_lc_ctype_1
    libinit.o(.ARM.Collect$$libinit$$00000000) refers (Special) to libinit2.o(.ARM.Collect$$libinit$$00000015) for __rt_lib_init_lc_monetary_1
    libinit.o(.ARM.Collect$$libinit$$00000000) refers (Special) to libinit2.o(.ARM.Collect$$libinit$$00000017) for __rt_lib_init_lc_numeric_1
    libinit.o(.ARM.Collect$$libinit$$00000000) refers (Special) to libinit2.o(.ARM.Collect$$libinit$$00000019) for __rt_lib_init_lc_time_1
    libinit.o(.ARM.Collect$$libinit$$00000000) refers (Special) to libinit2.o(.ARM.Collect$$libinit$$00000004) for __rt_lib_init_preinit_1
    libinit.o(.ARM.Collect$$libinit$$00000000) refers (Special) to libinit2.o(.ARM.Collect$$libinit$$0000000E) for __rt_lib_init_rand_1
    libinit.o(.ARM.Collect$$libinit$$00000000) refers (Special) to libinit2.o(.ARM.Collect$$libinit$$00000033) for __rt_lib_init_return
    libinit.o(.ARM.Collect$$libinit$$00000000) refers (Special) to libinit2.o(.ARM.Collect$$libinit$$0000001D) for __rt_lib_init_signal_1
    libinit.o(.ARM.Collect$$libinit$$00000000) refers (Special) to libinit2.o(.ARM.Collect$$libinit$$00000025) for __rt_lib_init_stdio_1
    libinit.o(.ARM.Collect$$libinit$$00000000) refers (Special) to libinit2.o(.ARM.Collect$$libinit$$0000000C) for __rt_lib_init_user_alloc_1
    sys_exit.o(.text) refers (Special) to use_no_semi.o(.text) for __I$use$semihosting
    sys_exit.o(.text) refers (Special) to indicate_semi.o(.text) for __semihosting_library_function
    libspace.o(.text) refers to libspace.o(.bss) for __libspace_start
    rtexit.o(.ARM.Collect$$rtexit$$00000000) refers (Special) to rtexit2.o(.ARM.Collect$$rtexit$$00000004) for __rt_exit_exit
    rtexit.o(.ARM.Collect$$rtexit$$00000000) refers (Special) to rtexit2.o(.ARM.Collect$$rtexit$$00000003) for __rt_exit_ls
    rtexit.o(.ARM.Collect$$rtexit$$00000000) refers (Special) to rtexit2.o(.ARM.Collect$$rtexit$$00000002) for __rt_exit_prels_1
    rtexit.o(.ARM.exidx) refers (Special) to rtexit2.o(.ARM.Collect$$rtexit$$00000004) for __rt_exit_exit
    rtexit.o(.ARM.exidx) refers (Special) to rtexit2.o(.ARM.Collect$$rtexit$$00000003) for __rt_exit_ls
    rtexit.o(.ARM.exidx) refers (Special) to rtexit2.o(.ARM.Collect$$rtexit$$00000002) for __rt_exit_prels_1
    rtexit.o(.ARM.exidx) refers to rtexit.o(.ARM.Collect$$rtexit$$00000000) for .ARM.Collect$$rtexit$$00000000
    rt_heap_descriptor.o(.text) refers to rt_heap_descriptor.o(.bss) for __rt_heap_descriptor_data
    rt_heap_descriptor_intlibspace.o(.text) refers to libspace.o(.bss) for __libspace_start
    init_alloc.o(.text) refers (Special) to hguard.o(.text) for __heap$guard
    init_alloc.o(.text) refers (Special) to libinit2.o(.ARM.Collect$$libinit$$00000005) for __rt_lib_init_heap_2
    init_alloc.o(.text) refers (Special) to maybetermalloc1.o(.emb_text) for _maybe_terminate_alloc
    init_alloc.o(.text) refers to h1_extend.o(.text) for __Heap_ProvideMemory
    init_alloc.o(.text) refers to defsig_rtmem_outer.o(.text) for __rt_SIGRTMEM
    init_alloc.o(.text) refers to rt_heap_descriptor_intlibspace.o(.text) for __rt_heap_descriptor
    init_alloc.o(.text) refers to h1_init.o(.text) for __Heap_Initialize
    h1_init_mt.o(.text) refers to mutex_dummy.o(.text) for _mutex_initialize
    defsig_abrt_outer.o(.text) refers to defsig_abrt_inner.o(.text) for __rt_SIGABRT_inner
    defsig_abrt_outer.o(.text) refers to defsig_exit.o(.text) for __sig_exit
    defsig_abrt_formal.o(.text) refers to rt_raise.o(.text) for __rt_raise
    _get_argv.o(.text) refers (Special) to hrguard.o(.text) for __heap_region$guard
    _get_argv.o(.text) refers to h1_alloc.o(.text) for malloc
    _get_argv.o(.text) refers to defsig_rtmem_outer.o(.text) for __rt_SIGRTMEM
    _get_argv.o(.text) refers to sys_command.o(.text) for _sys_command_string
    libinit2.o(.ARM.Collect$$libinit$$00000001) refers to fpinit.o(x$fpl$fpinit) for _fp_init
    libinit2.o(.ARM.Collect$$libinit$$00000005) refers (Weak) to init_alloc.o(.text) for _init_alloc
    libinit2.o(.ARM.Collect$$libinit$$00000010) refers to libinit2.o(.ARM.Collect$$libinit$$0000000F) for .ARM.Collect$$libinit$$0000000F
    libinit2.o(.ARM.Collect$$libinit$$00000012) refers to libinit2.o(.ARM.Collect$$libinit$$0000000F) for .ARM.Collect$$libinit$$0000000F
    libinit2.o(.ARM.Collect$$libinit$$00000014) refers to libinit2.o(.ARM.Collect$$libinit$$0000000F) for .ARM.Collect$$libinit$$0000000F
    libinit2.o(.ARM.Collect$$libinit$$00000016) refers to libinit2.o(.ARM.Collect$$libinit$$0000000F) for .ARM.Collect$$libinit$$0000000F
    libinit2.o(.ARM.Collect$$libinit$$00000018) refers to libinit2.o(.ARM.Collect$$libinit$$0000000F) for .ARM.Collect$$libinit$$0000000F
    libinit2.o(.ARM.Collect$$libinit$$00000026) refers to argv_veneer.o(.emb_text) for __ARM_argv_veneer
    libinit2.o(.ARM.Collect$$libinit$$00000027) refers to argv_veneer.o(.emb_text) for __ARM_argv_veneer
    sys_command.o(.text) refers (Special) to use_no_semi.o(.text) for __I$use$semihosting
    sys_command.o(.text) refers (Special) to indicate_semi.o(.text) for __semihosting_library_function
    rtexit2.o(.ARM.Collect$$rtexit$$00000003) refers to libshutdown.o(.ARM.Collect$$libshutdown$$00000000) for __rt_lib_shutdown
    rtexit2.o(.ARM.Collect$$rtexit$$00000004) refers to sys_exit.o(.text) for _sys_exit
    rtexit2.o(.ARM.exidx) refers to rtexit2.o(.ARM.Collect$$rtexit$$00000001) for .ARM.Collect$$rtexit$$00000001
    rtexit2.o(.ARM.exidx) refers to rtexit2.o(.ARM.Collect$$rtexit$$00000003) for .ARM.Collect$$rtexit$$00000003
    rtexit2.o(.ARM.exidx) refers to rtexit2.o(.ARM.Collect$$rtexit$$00000004) for .ARM.Collect$$rtexit$$00000004
    rt_raise.o(.text) refers to __raise.o(.text) for __raise
    rt_raise.o(.text) refers to sys_exit.o(.text) for _sys_exit
    maybetermalloc2.o(.emb_text) refers (Special) to term_alloc.o(.text) for _terminate_alloc
    h1_extend.o(.text) refers to h1_free.o(.text) for free
    h1_extend_mt.o(.text) refers to h1_free_mt.o(.text) for _free_internal
    defsig_exit.o(.text) refers to sys_exit.o(.text) for _sys_exit
    defsig_abrt_inner.o(.text) refers to defsig_general.o(.text) for __default_signal_display
    defsig_rtmem_outer.o(.text) refers to defsig_rtmem_inner.o(.text) for __rt_SIGRTMEM_inner
    defsig_rtmem_outer.o(.text) refers to defsig_exit.o(.text) for __sig_exit
    defsig_rtmem_formal.o(.text) refers to rt_raise.o(.text) for __rt_raise
    heapauxa.o(.text) refers to heapauxa.o(.data) for .data
    argv_veneer.o(.emb_text) refers to no_argv.o(.text) for __ARM_get_argv
    term_alloc.o(.text) refers (Special) to libshutdown2.o(.ARM.Collect$$libshutdown$$0000000E) for __rt_lib_shutdown_heap_2
    term_alloc.o(.text) refers to rt_heap_descriptor_intlibspace.o(.text) for __rt_heap_descriptor
    term_alloc.o(.text) refers to h1_final.o(.text) for __Heap_Finalize
    __raise.o(.text) refers to defsig.o(CL$$defsig) for __default_signal_handler
    defsig_general.o(.text) refers to sys_wrch.o(.text) for _ttywrch
    defsig_rtmem_inner.o(.text) refers to defsig_general.o(.text) for __default_signal_display
    _get_argv_nomalloc.o(.text) refers (Special) to hrguard.o(.text) for __heap_region$guard
    _get_argv_nomalloc.o(.text) refers to defsig_rtmem_outer.o(.text) for __rt_SIGRTMEM
    _get_argv_nomalloc.o(.text) refers to sys_command.o(.text) for _sys_command_string
    libshutdown.o(.ARM.Collect$$libshutdown$$00000000) refers (Special) to libshutdown2.o(.ARM.Collect$$libshutdown$$00000002) for __rt_lib_shutdown_cpp_1
    libshutdown.o(.ARM.Collect$$libshutdown$$00000000) refers (Special) to libshutdown2.o(.ARM.Collect$$libshutdown$$00000007) for __rt_lib_shutdown_fp_trap_1
    libshutdown.o(.ARM.Collect$$libshutdown$$00000000) refers (Special) to libshutdown2.o(.ARM.Collect$$libshutdown$$0000000F) for __rt_lib_shutdown_heap_1
    libshutdown.o(.ARM.Collect$$libshutdown$$00000000) refers (Special) to libshutdown2.o(.ARM.Collect$$libshutdown$$00000010) for __rt_lib_shutdown_return
    libshutdown.o(.ARM.Collect$$libshutdown$$00000000) refers (Special) to libshutdown2.o(.ARM.Collect$$libshutdown$$0000000A) for __rt_lib_shutdown_signal_1
    libshutdown.o(.ARM.Collect$$libshutdown$$00000000) refers (Special) to libshutdown2.o(.ARM.Collect$$libshutdown$$00000004) for __rt_lib_shutdown_stdio_1
    libshutdown.o(.ARM.Collect$$libshutdown$$00000000) refers (Special) to libshutdown2.o(.ARM.Collect$$libshutdown$$0000000C) for __rt_lib_shutdown_user_alloc_1
    sys_wrch.o(.text) refers (Special) to use_no_semi.o(.text) for __I$use$semihosting
    sys_wrch.o(.text) refers (Special) to indicate_semi.o(.text) for __semihosting_library_function
    defsig.o(CL$$defsig) refers to defsig_abrt_inner.o(.text) for __rt_SIGABRT_inner
    defsig.o(CL$$defsig) refers to defsig_rtmem_inner.o(.text) for __rt_SIGRTMEM_inner
    libshutdown2.o(.ARM.Collect$$libshutdown$$0000000D) refers (Weak) to term_alloc.o(.text) for _terminate_alloc
    defsig_fpe_inner.o(.text) refers to defsig_general.o(.text) for __default_signal_display
    defsig_rtred_inner.o(.text) refers to defsig_general.o(.text) for __default_signal_display
    defsig_stak_inner.o(.text) refers to defsig_general.o(.text) for __default_signal_display
    defsig_pvfn_inner.o(.text) refers to defsig_general.o(.text) for __default_signal_display
    defsig_cppl_inner.o(.text) refers to defsig_general.o(.text) for __default_signal_display
    defsig_segv_inner.o(.text) refers to defsig_general.o(.text) for __default_signal_display
    defsig_other.o(.text) refers to defsig_general.o(.text) for __default_signal_display


==============================================================================

Removing Unused input sections from the image.

    Removing main.o(.ARM.exidx), (8 bytes).
    Removing vmapi.o(i._Z18VMAPI_ErrorHandlerj12ARG_STRUCT_T), (4 bytes).
    Removing vmapi.o(i._ZN2vm10drv_unlinkEj), (44 bytes).
    Removing vmapi.o(i._ZN2vm10fire_eventEPKc), (44 bytes).
    Removing vmapi.o(i._ZN2vm10wait_eventEPKc), (44 bytes).
    Removing vmapi.o(i._ZN2vm11notify_waitEPKc), (44 bytes).
    Removing vmapi.o(i._ZN2vm11wait_notifyEv), (44 bytes).
    Removing vmapi.o(i._ZN2vm12end_criticalEv), (44 bytes).
    Removing vmapi.o(i._ZN2vm12timer_removeEj), (44 bytes).
    Removing vmapi.o(i._ZN2vm4callEPFYijPvEPKcjjjS0_), (80 bytes).
    Removing vmapi.o(i._ZN2vm4exitEj), (44 bytes).
    Removing vmapi.o(i._ZN2vm4lockEj), (44 bytes).
    Removing vmapi.o(i._ZN2vm4mailEPcP11MAIL_HANDLE), (44 bytes).
    Removing vmapi.o(i._ZN2vm4syncEPKc), (44 bytes).
    Removing vmapi.o(i._ZN2vm4waitEPFijPvE), (44 bytes).
    Removing vmapi.o(i._ZN2vm5faultEPKc), (44 bytes).
    Removing vmapi.o(i._ZN2vm5resetEv), (44 bytes).
    Removing vmapi.o(i._ZN2vm5sleepEj), (44 bytes).
    Removing vmapi.o(i._ZN2vm5timerEPjj), (48 bytes).
    Removing vmapi.o(i._ZN2vm6createEP13THREAD_HANDLE), (44 bytes).
    Removing vmapi.o(i._ZN2vm6createEPFYijPvEPKcjjjS0_), (56 bytes).
    Removing vmapi.o(i._ZN2vm6drv_ioEjP10drv_data_t), (48 bytes).
    Removing vmapi.o(i._ZN2vm6notifyEPKc), (44 bytes).
    Removing vmapi.o(i._ZN2vm6unlockEj), (44 bytes).
    Removing vmapi.o(i._ZN2vm7drv_ctlEjjj), (52 bytes).
    Removing vmapi.o(i._ZN2vm7restartEv), (36 bytes).
    Removing vmapi.o(i._ZN2vm8criticalEv), (44 bytes).
    Removing vmapi.o(i._ZN2vm8drv_linkEP12drv_handle_tjj), (52 bytes).
    Removing vmapi.o(i._ZN2vm9drv_probeEPKc), (44 bytes).
    Removing vmapi.o(i._ZN2vm9wait_mailEv), (44 bytes).
    Removing vmapi.o(.ARM.exidx), (8 bytes).
    Removing vmapi.o(.ARM.exidx), (8 bytes).
    Removing vmapi.o(.ARM.exidx), (8 bytes).
    Removing vmapi.o(.ARM.exidx), (8 bytes).
    Removing vmapi.o(.ARM.exidx), (8 bytes).
    Removing vmapi.o(.ARM.exidx), (8 bytes).
    Removing vmapi.o(.ARM.exidx), (8 bytes).
    Removing vmapi.o(.ARM.exidx), (8 bytes).
    Removing vmapi.o(.ARM.exidx), (8 bytes).
    Removing vmapi.o(.ARM.exidx), (8 bytes).
    Removing vmapi.o(.ARM.exidx), (8 bytes).
    Removing vmapi.o(.ARM.exidx), (8 bytes).
    Removing vmapi.o(.ARM.exidx), (8 bytes).
    Removing vmapi.o(.ARM.exidx), (8 bytes).
    Removing vmapi.o(.ARM.exidx), (8 bytes).
    Removing vmapi.o(.ARM.exidx), (8 bytes).
    Removing vmapi.o(.ARM.exidx), (8 bytes).
    Removing vmapi.o(.ARM.exidx), (8 bytes).
    Removing vmapi.o(.ARM.exidx), (8 bytes).
    Removing vmapi.o(.ARM.exidx), (8 bytes).
    Removing vmapi.o(.ARM.exidx), (8 bytes).
    Removing vmapi.o(.ARM.exidx), (8 bytes).
    Removing vmapi.o(.ARM.exidx), (8 bytes).
    Removing vmapi.o(.ARM.exidx), (8 bytes).
    Removing vmapi.o(.ARM.exidx), (8 bytes).
    Removing vmapi.o(.ARM.exidx), (8 bytes).
    Removing vmapi.o(.ARM.exidx), (8 bytes).
    Removing vmapi.o(.ARM.exidx), (8 bytes).
    Removing vmapi.o(.ARM.exidx), (8 bytes).
    Removing vmapi.o(.ARM.exidx), (8 bytes).
    Removing system_stm32f4xx.o(.rev16_text), (4 bytes).
    Removing system_stm32f4xx.o(.revsh_text), (4 bytes).
    Removing system_stm32f4xx.o(.rrx_text), (6 bytes).
    Removing system_stm32f4xx.o(.ARM.exidx), (8 bytes).
    Removing system_stm32f4xx.o(.ARM.exidx), (8 bytes).
    Removing system_stm32f4xx.o(.ARM.exidx), (8 bytes).
    Removing system_stm32f4xx.o(i.SystemCoreClockUpdate), (192 bytes).
    Removing system_stm32f4xx.o(i.SystemInit), (100 bytes).
    Removing system_stm32f4xx.o(.ARM.exidx), (8 bytes).
    Removing system_stm32f4xx.o(.ARM.exidx), (8 bytes).
    Removing system_stm32f4xx.o(.constdata), (24 bytes).
    Removing system_stm32f4xx.o(.data), (4 bytes).

72 unused section(s) (total 1922 bytes) removed from the image.

==============================================================================

Image Symbol Table

    Local Symbols

    Symbol Name                              Value     Ov Type        Size  Object(Section)

    ../../../clib/unwind_pr.c                0x00000000   Number         0  unwind_pr0.o ABSOLUTE
    ../../../clib/unwind_pr.c                0x00000000   Number         0  unwind_prcommon.o ABSOLUTE
    ../../../clib/unwinder.c                 0x00000000   Number         0  unwinder.o ABSOLUTE
    ../../../clib/unwinder.c                 0x00000000   Number         0  unwind_activity.o ABSOLUTE
    ../../../clib/unwinder.c                 0x00000000   Number         0  unwind_activity.o ABSOLUTE
    ../../../clib/unwinder.c                 0x00000000   Number         0  unwinder.o ABSOLUTE
    ../clib/angel/boardlib.s                 0x00000000   Number         0  boardinit3.o ABSOLUTE
    ../clib/angel/boardlib.s                 0x00000000   Number         0  boardinit1.o ABSOLUTE
    ../clib/angel/boardlib.s                 0x00000000   Number         0  boardinit2.o ABSOLUTE
    ../clib/angel/boardlib.s                 0x00000000   Number         0  boardshut.o ABSOLUTE
    ../clib/angel/handlers.s                 0x00000000   Number         0  __scatter_zi.o ABSOLUTE
    ../clib/angel/kernel.s                   0x00000000   Number         0  rtexit.o ABSOLUTE
    ../clib/angel/kernel.s                   0x00000000   Number         0  __rtentry4.o ABSOLUTE
    ../clib/angel/kernel.s                   0x00000000   Number         0  __rtentry.o ABSOLUTE
    ../clib/angel/kernel.s                   0x00000000   Number         0  __rtentry2.o ABSOLUTE
    ../clib/angel/kernel.s                   0x00000000   Number         0  rtexit2.o ABSOLUTE
    ../clib/angel/rt.s                       0x00000000   Number         0  rt_heap_descriptor.o ABSOLUTE
    ../clib/angel/rt.s                       0x00000000   Number         0  rt_heap_descriptor_intlibspace.o ABSOLUTE
    ../clib/angel/rt.s                       0x00000000   Number         0  rt_raise.o ABSOLUTE
    ../clib/angel/scatter.s                  0x00000000   Number         0  __scatter.o ABSOLUTE
    ../clib/angel/startup.s                  0x00000000   Number         0  __main.o ABSOLUTE
    ../clib/angel/sys.s                      0x00000000   Number         0  indicate_semi.o ABSOLUTE
    ../clib/angel/sys.s                      0x00000000   Number         0  sys_stackheap_outer.o ABSOLUTE
    ../clib/angel/sys.s                      0x00000000   Number         0  mutex_dummy.o ABSOLUTE
    ../clib/angel/sys.s                      0x00000000   Number         0  use_no_semi.o ABSOLUTE
    ../clib/angel/sys.s                      0x00000000   Number         0  libspace.o ABSOLUTE
    ../clib/angel/sysapp.c                   0x00000000   Number         0  sys_command.o ABSOLUTE
    ../clib/angel/sysapp.c                   0x00000000   Number         0  sys_exit.o ABSOLUTE
    ../clib/angel/sysapp.c                   0x00000000   Number         0  sys_wrch.o ABSOLUTE
    ../clib/armsys.c                         0x00000000   Number         0  argv_veneer.o ABSOLUTE
    ../clib/armsys.c                         0x00000000   Number         0  no_argv.o ABSOLUTE
    ../clib/armsys.c                         0x00000000   Number         0  _get_argv_nomalloc.o ABSOLUTE
    ../clib/armsys.c                         0x00000000   Number         0  _get_argv.o ABSOLUTE
    ../clib/armsys.c                         0x00000000   Number         0  argv_veneer.o ABSOLUTE
    ../clib/heap1.c                          0x00000000   Number         0  h1_extend_mt.o ABSOLUTE
    ../clib/heap1.c                          0x00000000   Number         0  h1_alloc.o ABSOLUTE
    ../clib/heap1.c                          0x00000000   Number         0  h1_free.o ABSOLUTE
    ../clib/heap1.c                          0x00000000   Number         0  h1_alloc_mt.o ABSOLUTE
    ../clib/heap1.c                          0x00000000   Number         0  h1_free_mt.o ABSOLUTE
    ../clib/heap1.c                          0x00000000   Number         0  h1_init.o ABSOLUTE
    ../clib/heap1.c                          0x00000000   Number         0  h1_init_mt.o ABSOLUTE
    ../clib/heap1.c                          0x00000000   Number         0  h1_final.o ABSOLUTE
    ../clib/heap1.c                          0x00000000   Number         0  h1_extend.o ABSOLUTE
    ../clib/heap1.c                          0x00000000   Number         0  h1_final_mt.o ABSOLUTE
    ../clib/heap2.c                          0x00000000   Number         0  fdtree.o ABSOLUTE
    ../clib/heap2.c                          0x00000000   Number         0  heap2mt.o ABSOLUTE
    ../clib/heap2.c                          0x00000000   Number         0  heap2.o ABSOLUTE
    ../clib/heapalloc.c                      0x00000000   Number         0  term_alloc.o ABSOLUTE
    ../clib/heapalloc.c                      0x00000000   Number         0  maybetermalloc2.o ABSOLUTE
    ../clib/heapalloc.c                      0x00000000   Number         0  maybetermalloc1.o ABSOLUTE
    ../clib/heapalloc.c                      0x00000000   Number         0  maybetermalloc1.o ABSOLUTE
    ../clib/heapalloc.c                      0x00000000   Number         0  hrguard.o ABSOLUTE
    ../clib/heapalloc.c                      0x00000000   Number         0  init_alloc.o ABSOLUTE
    ../clib/heapalloc.c                      0x00000000   Number         0  heapstubs.o ABSOLUTE
    ../clib/heapalloc.c                      0x00000000   Number         0  hguard.o ABSOLUTE
    ../clib/heapalloc.c                      0x00000000   Number         0  maybetermalloc2.o ABSOLUTE
    ../clib/heapalloc.c                      0x00000000   Number         0  malloc.o ABSOLUTE
    ../clib/heapalloc.c                      0x00000000   Number         0  free.o ABSOLUTE
    ../clib/heapaux.c                        0x00000000   Number         0  heapauxi.o ABSOLUTE
    ../clib/heapaux.c                        0x00000000   Number         0  heapauxa.o ABSOLUTE
    ../clib/libinit.s                        0x00000000   Number         0  libshutdown.o ABSOLUTE
    ../clib/libinit.s                        0x00000000   Number         0  libshutdown2.o ABSOLUTE
    ../clib/libinit.s                        0x00000000   Number         0  libinit.o ABSOLUTE
    ../clib/libinit.s                        0x00000000   Number         0  libinit2.o ABSOLUTE
    ../clib/memcpset.s                       0x00000000   Number         0  rt_memcpy_w.o ABSOLUTE
    ../clib/signal.c                         0x00000000   Number         0  defsig_exit.o ABSOLUTE
    ../clib/signal.c                         0x00000000   Number         0  defsig_rtmem_outer.o ABSOLUTE
    ../clib/signal.c                         0x00000000   Number         0  defsig_rtmem_formal.o ABSOLUTE
    ../clib/signal.c                         0x00000000   Number         0  __raise.o ABSOLUTE
    ../clib/signal.c                         0x00000000   Number         0  defsig_general.o ABSOLUTE
    ../clib/signal.c                         0x00000000   Number         0  defsig_rtmem_inner.o ABSOLUTE
    ../clib/signal.c                         0x00000000   Number         0  defsig_fpe_inner.o ABSOLUTE
    ../clib/signal.c                         0x00000000   Number         0  defsig_rtred_inner.o ABSOLUTE
    ../clib/signal.c                         0x00000000   Number         0  defsig_stak_inner.o ABSOLUTE
    ../clib/signal.c                         0x00000000   Number         0  defsig_pvfn_inner.o ABSOLUTE
    ../clib/signal.c                         0x00000000   Number         0  defsig_cppl_inner.o ABSOLUTE
    ../clib/signal.c                         0x00000000   Number         0  defsig_segv_inner.o ABSOLUTE
    ../clib/signal.c                         0x00000000   Number         0  defsig_other.o ABSOLUTE
    ../clib/signal.c                         0x00000000   Number         0  defsig_abrt_outer.o ABSOLUTE
    ../clib/signal.c                         0x00000000   Number         0  defsig_abrt_formal.o ABSOLUTE
    ../clib/signal.c                         0x00000000   Number         0  defsig_abrt_inner.o ABSOLUTE
    ../clib/signal.s                         0x00000000   Number         0  defsig.o ABSOLUTE
    ../clib/stdlib.c                         0x00000000   Number         0  bsearch.o ABSOLUTE
    ../clib/stdlib.c                         0x00000000   Number         0  abort.o ABSOLUTE
    ../clib/stdlib.c                         0x00000000   Number         0  exit.o ABSOLUTE
    ../fplib/fpinit.s                        0x00000000   Number         0  fpinit.o ABSOLUTE
    ..\misc\context\src\vmapi.cpp            0x00000000   Number         0  vmapi.o ABSOLUTE
    ..\misc\depend\Arm\CortexM4\src\arm_api.s 0x00000000   Number         0  arm_api.o ABSOLUTE
    RTE\Device\STM32F407VETx\startup_stm32f407xx.s 0x00000000   Number         0  startup_stm32f407xx.o ABSOLUTE
    RTE\Device\STM32F407VETx\system_stm32f4xx.c 0x00000000   Number         0  system_stm32f4xx.o ABSOLUTE
    RTE\\Device\\STM32F407VETx\\system_stm32f4xx.c 0x00000000   Number         0  system_stm32f4xx.o ABSOLUTE
    dc.s                                     0x00000000   Number         0  dc.o ABSOLUTE
    main.cpp                                 0x00000000   Number         0  main.o ABSOLUTE
    RESET                                    0x02000000   Section        8  startup_stm32f407xx.o(RESET)
    !!!main                                  0x02000008   Section        8  __main.o(!!!main)
    !!!scatter                               0x02000010   Section       52  __scatter.o(!!!scatter)
    !!handler_zi                             0x02000044   Section       28  __scatter_zi.o(!!handler_zi)
    .ARM.Collect$$libinit$$00000000          0x02000060   Section        2  libinit.o(.ARM.Collect$$libinit$$00000000)
    .ARM.Collect$$libinit$$00000001          0x02000062   Section        4  libinit2.o(.ARM.Collect$$libinit$$00000001)
    .ARM.Collect$$libinit$$00000004          0x02000066   Section        0  libinit2.o(.ARM.Collect$$libinit$$00000004)
    .ARM.Collect$$libinit$$0000000A          0x02000066   Section        0  libinit2.o(.ARM.Collect$$libinit$$0000000A)
    .ARM.Collect$$libinit$$0000000C          0x02000066   Section        0  libinit2.o(.ARM.Collect$$libinit$$0000000C)
    .ARM.Collect$$libinit$$0000000E          0x02000066   Section        0  libinit2.o(.ARM.Collect$$libinit$$0000000E)
    .ARM.Collect$$libinit$$00000011          0x02000066   Section        0  libinit2.o(.ARM.Collect$$libinit$$00000011)
    .ARM.Collect$$libinit$$00000013          0x02000066   Section        0  libinit2.o(.ARM.Collect$$libinit$$00000013)
    .ARM.Collect$$libinit$$00000015          0x02000066   Section        0  libinit2.o(.ARM.Collect$$libinit$$00000015)
    .ARM.Collect$$libinit$$00000017          0x02000066   Section        0  libinit2.o(.ARM.Collect$$libinit$$00000017)
    .ARM.Collect$$libinit$$00000019          0x02000066   Section        0  libinit2.o(.ARM.Collect$$libinit$$00000019)
    .ARM.Collect$$libinit$$0000001B          0x02000066   Section        0  libinit2.o(.ARM.Collect$$libinit$$0000001B)
    .ARM.Collect$$libinit$$0000001D          0x02000066   Section        0  libinit2.o(.ARM.Collect$$libinit$$0000001D)
    .ARM.Collect$$libinit$$0000001F          0x02000066   Section        0  libinit2.o(.ARM.Collect$$libinit$$0000001F)
    .ARM.Collect$$libinit$$00000021          0x02000066   Section        0  libinit2.o(.ARM.Collect$$libinit$$00000021)
    .ARM.Collect$$libinit$$00000023          0x02000066   Section        0  libinit2.o(.ARM.Collect$$libinit$$00000023)
    .ARM.Collect$$libinit$$00000025          0x02000066   Section        0  libinit2.o(.ARM.Collect$$libinit$$00000025)
    .ARM.Collect$$libinit$$0000002C          0x02000066   Section        0  libinit2.o(.ARM.Collect$$libinit$$0000002C)
    .ARM.Collect$$libinit$$0000002E          0x02000066   Section        0  libinit2.o(.ARM.Collect$$libinit$$0000002E)
    .ARM.Collect$$libinit$$00000030          0x02000066   Section        0  libinit2.o(.ARM.Collect$$libinit$$00000030)
    .ARM.Collect$$libinit$$00000032          0x02000066   Section        0  libinit2.o(.ARM.Collect$$libinit$$00000032)
    .ARM.Collect$$libinit$$00000033          0x02000066   Section        2  libinit2.o(.ARM.Collect$$libinit$$00000033)
    .ARM.Collect$$libshutdown$$00000000      0x02000068   Section        2  libshutdown.o(.ARM.Collect$$libshutdown$$00000000)
    .ARM.Collect$$libshutdown$$00000002      0x0200006a   Section        0  libshutdown2.o(.ARM.Collect$$libshutdown$$00000002)
    .ARM.Collect$$libshutdown$$00000004      0x0200006a   Section        0  libshutdown2.o(.ARM.Collect$$libshutdown$$00000004)
    .ARM.Collect$$libshutdown$$00000007      0x0200006a   Section        0  libshutdown2.o(.ARM.Collect$$libshutdown$$00000007)
    .ARM.Collect$$libshutdown$$0000000A      0x0200006a   Section        0  libshutdown2.o(.ARM.Collect$$libshutdown$$0000000A)
    .ARM.Collect$$libshutdown$$0000000C      0x0200006a   Section        0  libshutdown2.o(.ARM.Collect$$libshutdown$$0000000C)
    .ARM.Collect$$libshutdown$$0000000F      0x0200006a   Section        0  libshutdown2.o(.ARM.Collect$$libshutdown$$0000000F)
    .ARM.Collect$$libshutdown$$00000010      0x0200006a   Section        2  libshutdown2.o(.ARM.Collect$$libshutdown$$00000010)
    .ARM.Collect$$rtentry$$00000000          0x0200006c   Section        0  __rtentry.o(.ARM.Collect$$rtentry$$00000000)
    .ARM.Collect$$rtentry$$00000002          0x0200006c   Section        0  __rtentry2.o(.ARM.Collect$$rtentry$$00000002)
    .ARM.Collect$$rtentry$$00000004          0x0200006c   Section        6  __rtentry4.o(.ARM.Collect$$rtentry$$00000004)
    .ARM.Collect$$rtentry$$00000009          0x02000072   Section        0  __rtentry2.o(.ARM.Collect$$rtentry$$00000009)
    .ARM.Collect$$rtentry$$0000000A          0x02000072   Section        4  __rtentry2.o(.ARM.Collect$$rtentry$$0000000A)
    .ARM.Collect$$rtentry$$0000000C          0x02000076   Section        0  __rtentry2.o(.ARM.Collect$$rtentry$$0000000C)
    .ARM.Collect$$rtentry$$0000000D          0x02000076   Section        8  __rtentry2.o(.ARM.Collect$$rtentry$$0000000D)
    .ARM.Collect$$rtexit$$00000000           0x0200007e   Section        2  rtexit.o(.ARM.Collect$$rtexit$$00000000)
    .ARM.Collect$$rtexit$$00000002           0x02000080   Section        0  rtexit2.o(.ARM.Collect$$rtexit$$00000002)
    .ARM.Collect$$rtexit$$00000003           0x02000080   Section        4  rtexit2.o(.ARM.Collect$$rtexit$$00000003)
    .ARM.Collect$$rtexit$$00000004           0x02000084   Section        6  rtexit2.o(.ARM.Collect$$rtexit$$00000004)
    .text                                    0x0200008c   Section        4  arm_api.o(.text)
    $v0                                      0x0200008c   Number         0  arm_api.o(.text)
    .text                                    0x02000090   Section       36  startup_stm32f407xx.o(.text)
    $v0                                      0x02000090   Number         0  startup_stm32f407xx.o(.text)
    .text                                    0x020000b4   Section        0  heapauxi.o(.text)
    .text                                    0x020000ba   Section       74  sys_stackheap_outer.o(.text)
    .text                                    0x02000104   Section        0  exit.o(.text)
    .text                                    0x02000118   Section        0  sys_exit.o(.text)
    .text                                    0x02000124   Section        8  libspace.o(.text)
    .text                                    0x0200012c   Section        2  use_no_semi.o(.text)
    .text                                    0x0200012e   Section        0  indicate_semi.o(.text)
    i._ZN2vm5yieldEv                         0x02000130   Section        0  vmapi.o(i._ZN2vm5yieldEv)
    i.main                                   0x0200015c   Section        0  main.o(i.main)
    x$fpl$fpinit                             0x02000170   Section       10  fpinit.o(x$fpl$fpinit)
    $v0                                      0x02000170   Number         0  fpinit.o(x$fpl$fpinit)
    .constdata                               0x0200017c   Section      432  vmapi.o(.constdata)
    .bss                                     0x20008000   Section       96  libspace.o(.bss)
    HEAP                                     0x20008060   Section      512  startup_stm32f407xx.o(HEAP)
    Heap_Mem                                 0x20008060   Data         512  startup_stm32f407xx.o(HEAP)
    STACK                                    0x20008260   Section     1024  startup_stm32f407xx.o(STACK)
    Stack_Mem                                0x20008260   Data        1024  startup_stm32f407xx.o(STACK)
    __initial_sp                             0x20008660   Data           0  startup_stm32f407xx.o(STACK)

    Global Symbols

    Symbol Name                              Value     Ov Type        Size  Object(Section)

    BuildAttributes$$THM_ISAv4$E$P$D$K$B$S$7EM$VFPi3$EXTD16$VFPS$VFMA$PE$A:L22UL41UL21$X:L11$S22US41US21$IEEE1$IW$USESV6$~STKCKD$USESV7$~SHL$OTIME$ROPI$EBA8$UX$STANDARDLIB$REQ8$PRES8$EABIv2 0x00000000   Number         0  anon$$obj.o ABSOLUTE
    __ARM_use_no_argv                        0x00000000   Number         0  main.o ABSOLUTE
    SHT$$ARM_EXIDX$$Base                      - Undefined Reference
    SHT$$ARM_EXIDX$$Limit                     - Undefined Reference
    __ARM_exceptions_init                     - Undefined Weak Reference
    __aeabi_unwind_cpp_pr1                    - Undefined Weak Reference
    __aeabi_unwind_cpp_pr2                    - Undefined Weak Reference
    __alloca_initialize                       - Undefined Weak Reference
    __arm_preinit_                            - Undefined Weak Reference
    __cpp_initialize__aeabi_                  - Undefined Weak Reference
    __cxa_begin_cleanup                       - Undefined Weak Reference
    __cxa_call_unexpected                     - Undefined Weak Reference
    __cxa_finalize                            - Undefined Weak Reference
    __cxa_type_match                          - Undefined Weak Reference
    __rt_locale                               - Undefined Weak Reference
    __sigvec_lookup                           - Undefined Weak Reference
    __user_heap_extent                        - Undefined Weak Reference
    _atexit_init                              - Undefined Weak Reference
    _call_atexit_fns                          - Undefined Weak Reference
    _clock_init                               - Undefined Weak Reference
    _fp_trap_init                             - Undefined Weak Reference
    _fp_trap_shutdown                         - Undefined Weak Reference
    _get_lc_collate                           - Undefined Weak Reference
    _get_lc_ctype                             - Undefined Weak Reference
    _get_lc_monetary                          - Undefined Weak Reference
    _get_lc_numeric                           - Undefined Weak Reference
    _get_lc_time                              - Undefined Weak Reference
    _getenv_init                              - Undefined Weak Reference
    _handle_redirection                       - Undefined Weak Reference
    _initio                                   - Undefined Weak Reference
    _mutex_acquire                            - Undefined Weak Reference
    _mutex_free                               - Undefined Weak Reference
    _mutex_release                            - Undefined Weak Reference
    _rand_init                                - Undefined Weak Reference
    _signal_finish                            - Undefined Weak Reference
    _signal_init                              - Undefined Weak Reference
    _terminateio                              - Undefined Weak Reference
    __Vectors_Size                           0x00000008   Number         0  startup_stm32f407xx.o ABSOLUTE
    __Vectors                                0x02000000   Data           4  startup_stm32f407xx.o(RESET)
    __Vectors_End                            0x02000008   Data           0  startup_stm32f407xx.o(RESET)
    __main                                   0x02000009   Thumb Code     8  __main.o(!!!main)
    __scatterload                            0x02000011   Thumb Code     0  __scatter.o(!!!scatter)
    __scatterload_rt2                        0x02000011   Thumb Code    44  __scatter.o(!!!scatter)
    __scatterload_rt2_thumb_only             0x02000011   Thumb Code     0  __scatter.o(!!!scatter)
    __scatterload_null                       0x0200001f   Thumb Code     0  __scatter.o(!!!scatter)
    __scatterload_zeroinit                   0x02000045   Thumb Code    28  __scatter_zi.o(!!handler_zi)
    __rt_lib_init                            0x02000061   Thumb Code     0  libinit.o(.ARM.Collect$$libinit$$00000000)
    __rt_lib_init_fp_1                       0x02000063   Thumb Code     0  libinit2.o(.ARM.Collect$$libinit$$00000001)
    __rt_lib_init_alloca_1                   0x02000067   Thumb Code     0  libinit2.o(.ARM.Collect$$libinit$$0000002E)
    __rt_lib_init_argv_1                     0x02000067   Thumb Code     0  libinit2.o(.ARM.Collect$$libinit$$0000002C)
    __rt_lib_init_atexit_1                   0x02000067   Thumb Code     0  libinit2.o(.ARM.Collect$$libinit$$0000001B)
    __rt_lib_init_clock_1                    0x02000067   Thumb Code     0  libinit2.o(.ARM.Collect$$libinit$$00000021)
    __rt_lib_init_cpp_1                      0x02000067   Thumb Code     0  libinit2.o(.ARM.Collect$$libinit$$00000032)
    __rt_lib_init_exceptions_1               0x02000067   Thumb Code     0  libinit2.o(.ARM.Collect$$libinit$$00000030)
    __rt_lib_init_fp_trap_1                  0x02000067   Thumb Code     0  libinit2.o(.ARM.Collect$$libinit$$0000001F)
    __rt_lib_init_getenv_1                   0x02000067   Thumb Code     0  libinit2.o(.ARM.Collect$$libinit$$00000023)
    __rt_lib_init_heap_1                     0x02000067   Thumb Code     0  libinit2.o(.ARM.Collect$$libinit$$0000000A)
    __rt_lib_init_lc_collate_1               0x02000067   Thumb Code     0  libinit2.o(.ARM.Collect$$libinit$$00000011)
    __rt_lib_init_lc_ctype_1                 0x02000067   Thumb Code     0  libinit2.o(.ARM.Collect$$libinit$$00000013)
    __rt_lib_init_lc_monetary_1              0x02000067   Thumb Code     0  libinit2.o(.ARM.Collect$$libinit$$00000015)
    __rt_lib_init_lc_numeric_1               0x02000067   Thumb Code     0  libinit2.o(.ARM.Collect$$libinit$$00000017)
    __rt_lib_init_lc_time_1                  0x02000067   Thumb Code     0  libinit2.o(.ARM.Collect$$libinit$$00000019)
    __rt_lib_init_preinit_1                  0x02000067   Thumb Code     0  libinit2.o(.ARM.Collect$$libinit$$00000004)
    __rt_lib_init_rand_1                     0x02000067   Thumb Code     0  libinit2.o(.ARM.Collect$$libinit$$0000000E)
    __rt_lib_init_return                     0x02000067   Thumb Code     0  libinit2.o(.ARM.Collect$$libinit$$00000033)
    __rt_lib_init_signal_1                   0x02000067   Thumb Code     0  libinit2.o(.ARM.Collect$$libinit$$0000001D)
    __rt_lib_init_stdio_1                    0x02000067   Thumb Code     0  libinit2.o(.ARM.Collect$$libinit$$00000025)
    __rt_lib_init_user_alloc_1               0x02000067   Thumb Code     0  libinit2.o(.ARM.Collect$$libinit$$0000000C)
    __rt_lib_shutdown                        0x02000069   Thumb Code     0  libshutdown.o(.ARM.Collect$$libshutdown$$00000000)
    __rt_lib_shutdown_cpp_1                  0x0200006b   Thumb Code     0  libshutdown2.o(.ARM.Collect$$libshutdown$$00000002)
    __rt_lib_shutdown_fp_trap_1              0x0200006b   Thumb Code     0  libshutdown2.o(.ARM.Collect$$libshutdown$$00000007)
    __rt_lib_shutdown_heap_1                 0x0200006b   Thumb Code     0  libshutdown2.o(.ARM.Collect$$libshutdown$$0000000F)
    __rt_lib_shutdown_return                 0x0200006b   Thumb Code     0  libshutdown2.o(.ARM.Collect$$libshutdown$$00000010)
    __rt_lib_shutdown_signal_1               0x0200006b   Thumb Code     0  libshutdown2.o(.ARM.Collect$$libshutdown$$0000000A)
    __rt_lib_shutdown_stdio_1                0x0200006b   Thumb Code     0  libshutdown2.o(.ARM.Collect$$libshutdown$$00000004)
    __rt_lib_shutdown_user_alloc_1           0x0200006b   Thumb Code     0  libshutdown2.o(.ARM.Collect$$libshutdown$$0000000C)
    __rt_entry                               0x0200006d   Thumb Code     0  __rtentry.o(.ARM.Collect$$rtentry$$00000000)
    __rt_entry_presh_1                       0x0200006d   Thumb Code     0  __rtentry2.o(.ARM.Collect$$rtentry$$00000002)
    __rt_entry_sh                            0x0200006d   Thumb Code     0  __rtentry4.o(.ARM.Collect$$rtentry$$00000004)
    __rt_entry_li                            0x02000073   Thumb Code     0  __rtentry2.o(.ARM.Collect$$rtentry$$0000000A)
    __rt_entry_postsh_1                      0x02000073   Thumb Code     0  __rtentry2.o(.ARM.Collect$$rtentry$$00000009)
    __rt_entry_main                          0x02000077   Thumb Code     0  __rtentry2.o(.ARM.Collect$$rtentry$$0000000D)
    __rt_entry_postli_1                      0x02000077   Thumb Code     0  __rtentry2.o(.ARM.Collect$$rtentry$$0000000C)
    __rt_exit                                0x0200007f   Thumb Code     0  rtexit.o(.ARM.Collect$$rtexit$$00000000)
    __rt_exit_ls                             0x02000081   Thumb Code     0  rtexit2.o(.ARM.Collect$$rtexit$$00000003)
    __rt_exit_prels_1                        0x02000081   Thumb Code     0  rtexit2.o(.ARM.Collect$$rtexit$$00000002)
    __rt_exit_exit                           0x02000085   Thumb Code     0  rtexit2.o(.ARM.Collect$$rtexit$$00000004)
    upc                                      0x0200008d   Thumb Code     4  arm_api.o(.text)
    Reset_Handler                            0x02000091   Thumb Code     4  startup_stm32f407xx.o(.text)
    __user_initial_stackheap                 0x02000095   Thumb Code     0  startup_stm32f407xx.o(.text)
    __use_two_region_memory                  0x020000b5   Thumb Code     2  heapauxi.o(.text)
    __rt_heap_escrow                         0x020000b7   Thumb Code     2  heapauxi.o(.text)
    __rt_heap_expand                         0x020000b9   Thumb Code     2  heapauxi.o(.text)
    __user_setup_stackheap                   0x020000bb   Thumb Code    74  sys_stackheap_outer.o(.text)
    exit                                     0x02000105   Thumb Code    18  exit.o(.text)
    _sys_exit                                0x02000119   Thumb Code     8  sys_exit.o(.text)
    __user_libspace                          0x02000125   Thumb Code     8  libspace.o(.text)
    __user_perproc_libspace                  0x02000125   Thumb Code     0  libspace.o(.text)
    __user_perthread_libspace                0x02000125   Thumb Code     0  libspace.o(.text)
    __I$use$semihosting                      0x0200012d   Thumb Code     0  use_no_semi.o(.text)
    __use_no_semihosting_swi                 0x0200012d   Thumb Code     2  use_no_semi.o(.text)
    __semihosting_library_function           0x0200012f   Thumb Code     0  indicate_semi.o(.text)
    vm::yield()                              0x02000131   Thumb Code    38  vmapi.o(i._ZN2vm5yieldEv)
    main                                     0x0200015d   Thumb Code    20  main.o(i.main)
    _fp_init                                 0x02000171   Thumb Code    10  fpinit.o(x$fpl$fpinit)
    __fplib_config_fpu_vfp                   0x02000179   Thumb Code     0  fpinit.o(x$fpl$fpinit)
    __fplib_config_pureend_doubles           0x02000179   Thumb Code     0  fpinit.o(x$fpl$fpinit)
    Region$$Table$$Base                      0x0200032c   Number         0  anon$$obj.o(Region$$Table)
    Region$$Table$$Limit                     0x0200033c   Number         0  anon$$obj.o(Region$$Table)
    __libspace_start                         0x20008000   Data          96  libspace.o(.bss)
    __temporary_stack_top$libspace           0x20008060   Data           0  libspace.o(.bss)



==============================================================================

Memory Map of the image

  Image Entry point : 0x02000009

  Load Region LR_IROM1 (Base: 0x02000000, Size: 0x0000033c, Max: 0x00008000, ABSOLUTE)

    Execution Region ER_IROM1 (Exec base: 0x02000000, Load base: 0x02000000, Size: 0x0000033c, Max: 0x00008000, ABSOLUTE)

    Exec Addr    Load Addr    Size         Type   Attr      Idx    E Section Name        Object

    0x02000000   0x02000000   0x00000008   Data   RO          232    RESET               startup_stm32f407xx.o
    0x02000008   0x02000008   0x00000008   Code   RO          302  * !!!main             c_w.l(__main.o)
    0x02000010   0x02000010   0x00000034   Code   RO          589    !!!scatter          c_w.l(__scatter.o)
    0x02000044   0x02000044   0x0000001c   Code   RO          591    !!handler_zi        c_w.l(__scatter_zi.o)
    0x02000060   0x02000060   0x00000002   Code   RO          411    .ARM.Collect$$libinit$$00000000  c_w.l(libinit.o)
    0x02000062   0x02000062   0x00000004   Code   RO          452    .ARM.Collect$$libinit$$00000001  c_w.l(libinit2.o)
    0x02000066   0x02000066   0x00000000   Code   RO          455    .ARM.Collect$$libinit$$00000004  c_w.l(libinit2.o)
    0x02000066   0x02000066   0x00000000   Code   RO          458    .ARM.Collect$$libinit$$0000000A  c_w.l(libinit2.o)
    0x02000066   0x02000066   0x00000000   Code   RO          460    .ARM.Collect$$libinit$$0000000C  c_w.l(libinit2.o)
    0x02000066   0x02000066   0x00000000   Code   RO          462    .ARM.Collect$$libinit$$0000000E  c_w.l(libinit2.o)
    0x02000066   0x02000066   0x00000000   Code   RO          465    .ARM.Collect$$libinit$$00000011  c_w.l(libinit2.o)
    0x02000066   0x02000066   0x00000000   Code   RO          467    .ARM.Collect$$libinit$$00000013  c_w.l(libinit2.o)
    0x02000066   0x02000066   0x00000000   Code   RO          469    .ARM.Collect$$libinit$$00000015  c_w.l(libinit2.o)
    0x02000066   0x02000066   0x00000000   Code   RO          471    .ARM.Collect$$libinit$$00000017  c_w.l(libinit2.o)
    0x02000066   0x02000066   0x00000000   Code   RO          473    .ARM.Collect$$libinit$$00000019  c_w.l(libinit2.o)
    0x02000066   0x02000066   0x00000000   Code   RO          475    .ARM.Collect$$libinit$$0000001B  c_w.l(libinit2.o)
    0x02000066   0x02000066   0x00000000   Code   RO          477    .ARM.Collect$$libinit$$0000001D  c_w.l(libinit2.o)
    0x02000066   0x02000066   0x00000000   Code   RO          479    .ARM.Collect$$libinit$$0000001F  c_w.l(libinit2.o)
    0x02000066   0x02000066   0x00000000   Code   RO          481    .ARM.Collect$$libinit$$00000021  c_w.l(libinit2.o)
    0x02000066   0x02000066   0x00000000   Code   RO          483    .ARM.Collect$$libinit$$00000023  c_w.l(libinit2.o)
    0x02000066   0x02000066   0x00000000   Code   RO          485    .ARM.Collect$$libinit$$00000025  c_w.l(libinit2.o)
    0x02000066   0x02000066   0x00000000   Code   RO          489    .ARM.Collect$$libinit$$0000002C  c_w.l(libinit2.o)
    0x02000066   0x02000066   0x00000000   Code   RO          491    .ARM.Collect$$libinit$$0000002E  c_w.l(libinit2.o)
    0x02000066   0x02000066   0x00000000   Code   RO          493    .ARM.Collect$$libinit$$00000030  c_w.l(libinit2.o)
    0x02000066   0x02000066   0x00000000   Code   RO          495    .ARM.Collect$$libinit$$00000032  c_w.l(libinit2.o)
    0x02000066   0x02000066   0x00000002   Code   RO          496    .ARM.Collect$$libinit$$00000033  c_w.l(libinit2.o)
    0x02000068   0x02000068   0x00000002   Code   RO          548    .ARM.Collect$$libshutdown$$00000000  c_w.l(libshutdown.o)
    0x0200006a   0x0200006a   0x00000000   Code   RO          558    .ARM.Collect$$libshutdown$$00000002  c_w.l(libshutdown2.o)
    0x0200006a   0x0200006a   0x00000000   Code   RO          560    .ARM.Collect$$libshutdown$$00000004  c_w.l(libshutdown2.o)
    0x0200006a   0x0200006a   0x00000000   Code   RO          563    .ARM.Collect$$libshutdown$$00000007  c_w.l(libshutdown2.o)
    0x0200006a   0x0200006a   0x00000000   Code   RO          566    .ARM.Collect$$libshutdown$$0000000A  c_w.l(libshutdown2.o)
    0x0200006a   0x0200006a   0x00000000   Code   RO          568    .ARM.Collect$$libshutdown$$0000000C  c_w.l(libshutdown2.o)
    0x0200006a   0x0200006a   0x00000000   Code   RO          571    .ARM.Collect$$libshutdown$$0000000F  c_w.l(libshutdown2.o)
    0x0200006a   0x0200006a   0x00000002   Code   RO          572    .ARM.Collect$$libshutdown$$00000010  c_w.l(libshutdown2.o)
    0x0200006c   0x0200006c   0x00000000   Code   RO          307    .ARM.Collect$$rtentry$$00000000  c_w.l(__rtentry.o)
    0x0200006c   0x0200006c   0x00000000   Code   RO          312    .ARM.Collect$$rtentry$$00000002  c_w.l(__rtentry2.o)
    0x0200006c   0x0200006c   0x00000006   Code   RO          324    .ARM.Collect$$rtentry$$00000004  c_w.l(__rtentry4.o)
    0x02000072   0x02000072   0x00000000   Code   RO          314    .ARM.Collect$$rtentry$$00000009  c_w.l(__rtentry2.o)
    0x02000072   0x02000072   0x00000004   Code   RO          315    .ARM.Collect$$rtentry$$0000000A  c_w.l(__rtentry2.o)
    0x02000076   0x02000076   0x00000000   Code   RO          317    .ARM.Collect$$rtentry$$0000000C  c_w.l(__rtentry2.o)
    0x02000076   0x02000076   0x00000008   Code   RO          318    .ARM.Collect$$rtentry$$0000000D  c_w.l(__rtentry2.o)
    0x0200007e   0x0200007e   0x00000002   Code   RO          419    .ARM.Collect$$rtexit$$00000000  c_w.l(rtexit.o)
    0x02000080   0x02000080   0x00000000   Code   RO          503    .ARM.Collect$$rtexit$$00000002  c_w.l(rtexit2.o)
    0x02000080   0x02000080   0x00000004   Code   RO          504    .ARM.Collect$$rtexit$$00000003  c_w.l(rtexit2.o)
    0x02000084   0x02000084   0x00000006   Code   RO          505    .ARM.Collect$$rtexit$$00000004  c_w.l(rtexit2.o)
    0x0200008a   0x0200008a   0x00000002   PAD
    0x0200008c   0x0200008c   0x00000004   Code   RO          225    .text               arm_api.o
    0x02000090   0x02000090   0x00000024   Code   RO          233    .text               startup_stm32f407xx.o
    0x020000b4   0x020000b4   0x00000006   Code   RO          300    .text               c_w.l(heapauxi.o)
    0x020000ba   0x020000ba   0x0000004a   Code   RO          333    .text               c_w.l(sys_stackheap_outer.o)
    0x02000104   0x02000104   0x00000012   Code   RO          397    .text               c_w.l(exit.o)
    0x02000116   0x02000116   0x00000002   PAD
    0x02000118   0x02000118   0x0000000c   Code   RO          412    .text               c_w.l(sys_exit.o)
    0x02000124   0x02000124   0x00000008   Code   RO          414    .text               c_w.l(libspace.o)
    0x0200012c   0x0200012c   0x00000002   Code   RO          499    .text               c_w.l(use_no_semi.o)
    0x0200012e   0x0200012e   0x00000000   Code   RO          501    .text               c_w.l(indicate_semi.o)
    0x0200012e   0x0200012e   0x00000002   PAD
    0x02000130   0x02000130   0x0000002c   Code   RO           55    i._ZN2vm5yieldEv    vmapi.o
    0x0200015c   0x0200015c   0x00000014   Code   RO            1    i.main              main.o
    0x02000170   0x02000170   0x0000000a   Code   RO          532    x$fpl$fpinit        fz_wm.l(fpinit.o)
    0x0200017a   0x0200017a   0x00000002   PAD
    0x0200017c   0x0200017c   0x000001b0   Data   RO           97    .constdata          vmapi.o
    0x0200032c   0x0200032c   0x00000010   Data   RO          587    Region$$Table       anon$$obj.o


    Execution Region RW_IRAM1 (Exec base: 0x20008000, Load base: 0x0200033c, Size: 0x00000660, Max: 0x00008000, ABSOLUTE)

    Exec Addr    Load Addr    Size         Type   Attr      Idx    E Section Name        Object

    0x20008000        -       0x00000060   Zero   RW          415    .bss                c_w.l(libspace.o)
    0x20008060        -       0x00000200   Zero   RW          231    HEAP                startup_stm32f407xx.o
    0x20008260        -       0x00000400   Zero   RW          230    STACK               startup_stm32f407xx.o


==============================================================================

Image component sizes


      Code (inc. data)   RO Data    RW Data    ZI Data      Debug   Object Name

         4          0          0          0          0        452   arm_api.o
        20          0          0          0          0       8619   main.o
        36         22          8          0       1536        448   startup_stm32f407xx.o
        44          6        432          0          0        560   vmapi.o

    ----------------------------------------------------------------------
       104         28        456          0       1536      10079   Object Totals
         0          0         16          0          0          0   (incl. Generated)
         0          0          0          0          0          0   (incl. Padding)

    ----------------------------------------------------------------------

      Code (inc. data)   RO Data    RW Data    ZI Data      Debug   Library Member Name

         8          0          0          0          0         68   __main.o
         0          0          0          0          0          0   __rtentry.o
        12          0          0          0          0          0   __rtentry2.o
         6          0          0          0          0          0   __rtentry4.o
        52          8          0          0          0          0   __scatter.o
        28          0          0          0          0          0   __scatter_zi.o
        18          0          0          0          0         80   exit.o
         6          0          0          0          0        152   heapauxi.o
         0          0          0          0          0          0   indicate_semi.o
         2          0          0          0          0          0   libinit.o
         6          0          0          0          0          0   libinit2.o
         2          0          0          0          0          0   libshutdown.o
         2          0          0          0          0          0   libshutdown2.o
         8          4          0          0         96         68   libspace.o
         2          0          0          0          0          0   rtexit.o
        10          0          0          0          0          0   rtexit2.o
        12          4          0          0          0         68   sys_exit.o
        74          0          0          0          0         80   sys_stackheap_outer.o
         2          0          0          0          0         68   use_no_semi.o
        10          0          0          0          0        116   fpinit.o

    ----------------------------------------------------------------------
       268         16          0          0         96        700   Library Totals
         8          0          0          0          0          0   (incl. Padding)

    ----------------------------------------------------------------------

      Code (inc. data)   RO Data    RW Data    ZI Data      Debug   Library Name

       250         16          0          0         96        584   c_w.l
        10          0          0          0          0        116   fz_wm.l

    ----------------------------------------------------------------------
       268         16          0          0         96        700   Library Totals

    ----------------------------------------------------------------------

==============================================================================


      Code (inc. data)   RO Data    RW Data    ZI Data      Debug   

       372         44        456          0       1632      10355   Grand Totals
       372         44        456          0       1632      10355   ELF Image Totals
       372         44        456          0          0          0   ROM Totals

==============================================================================

    Total RO  Size (Code + RO Data)                  828 (   0.81kB)
    Total RW  Size (RW Data + ZI Data)              1632 (   1.59kB)
    Total ROM Size (Code + RO Data + RW Data)        828 (   0.81kB)

==============================================================================

